Microchip MPLAB XC8 Compiler V2.30

Linker command line:

-W-3 --edf=C:\Program Files\Microchip\xc8\v2.30\pic\dat\en_msgs.txt -cn \
  -h+dist/default/production\K_Type_PID.X.production.sym \
  --cmf=dist/default/production\K_Type_PID.X.production.cmf -z -Q16F1619 \
  -oC:\Users\johns\AppData\Local\Temp\s838x2 --defsym=__MPLAB_BUILD=1 \
  -Mdist/default/production/K_Type_PID.X.production.map -E1 \
  -ver=XC8 Compiler --acfsm=1493 -ASTACK=02182h-023EFh -pstack=STACK \
  -ACODE=00h-07FFhx4 -ASTRCODE=00h-01FFFh -ASTRING=00h-0FFhx32 \
  -ACONST=00h-0FFhx32 -AENTRY=00h-0FFhx32 -ACOMMON=070h-07Fh \
  -ABANK0=020h-06Fh -ABANK1=0A0h-0EFh -ABANK2=0120h-016Fh \
  -ABANK3=01A0h-01EFh -ABANK4=0220h-026Fh -ABANK5=02A0h-02EFh \
  -ABANK6=0320h-036Fh -ABANK7=03A0h-03EFh -ABANK8=0420h-046Fh \
  -ABANK9=04A0h-04EFh -ABANK10=0520h-056Fh -ABANK11=05A0h-05EFh \
  -ABANK12=0620h-064Fh -ABIGRAM=02000h-023EFh \
  -ARAM=020h-06Fh,0A0h-0EFh,0120h-016Fh,01A0h-01EFh,0220h-026Fh,02A0h-02EFh,0320h-036Fh,03A0h-03EFh,0420h-046Fh,04A0h-04EFh,0520h-056Fh,05A0h-05EFh,0620h-064Fh \
  -AABS1=020h-07Fh,0A0h-0EFh,0120h-016Fh,01A0h-01EFh,0220h-026Fh,02A0h-02EFh,0320h-036Fh,03A0h-03EFh,0420h-046Fh,04A0h-04EFh,0520h-056Fh,05A0h-05EFh,0620h-064Fh \
  -ASFR0=00h-01Fh -ASFR1=080h-09Fh -ASFR2=0100h-011Fh -ASFR3=0180h-019Fh \
  -ASFR4=0200h-021Fh -ASFR5=0280h-029Fh -ASFR6=0300h-031Fh \
  -ASFR7=0380h-039Fh -ASFR8=0400h-041Fh -ASFR9=0480h-049Fh \
  -ASFR10=0500h-051Fh -ASFR11=0580h-059Fh -ASFR12=0600h-061Fh \
  -ASFR13=0680h-06EFh -ASFR14=0700h-076Fh -ASFR15=0780h-07EFh \
  -ASFR16=0800h-086Fh -ASFR17=0880h-08EFh -ASFR18=0900h-096Fh \
  -ASFR19=0980h-09EFh -ASFR20=0A00h-0A6Fh -ASFR21=0A80h-0AEFh \
  -ASFR22=0B00h-0B6Fh -ASFR23=0B80h-0BEFh -ASFR24=0C00h-0C6Fh \
  -ASFR25=0C80h-0CEFh -ASFR26=0D00h-0D6Fh -ASFR27=0D80h-0DEFh \
  -ASFR28=0E00h-0E6Fh -ASFR29=0E80h-0EEFh -ASFR30=0F00h-0F6Fh \
  -ASFR31=0F80h-0FEFh -ACONFIG=08007h-08009h -DCONFIG=2 \
  -AIDLOC=08000h-08003h -DIDLOC=2 -DCODE=2 -DSTRCODE=2 -DSTRING=2 -DCONST=2 \
  -DENTRY=2 -preset_vec=00h,intentry=04h,init,end_init -ppowerup=CODE \
  -pcinit=CODE -pfunctab=ENTRY -k \
  C:\Users\johns\AppData\Local\Temp\s838xg.o \
  dist/default/production\K_Type_PID.X.production.o 

Object code version is 3.11

Machine type is 16F1619



                Name                               Link     Load   Length Selector   Space Scale
C:\Users\johns\AppData\Local\Temp\s838xg.o
                end_init                             19       19        2        8       0
                reset_vec                             0        0        2        0       0
                config                             8007     8007        3        0       4
dist/default/production\K_Type_PID.X.production.o
                cinit                                1B       1B       4C        8       0
                intentry                              4        4       15        8       0
                config                             8007     8007        3        0       4
                text50                                2        2        1        0       0
                text49                             1636     1636        D     2C6C       0
                text48                             15FC     15FC        6     2BF8       0
                text46                             1710     1710       1B     2E20       0
                text45                             161A     161A        9     2C34       0
                text44                             15F7     15F7        5     2BEE       0
                text43                              93C      93C       48     1278       0
                text42                             1623     1623        9     2C46       0
                text41                              7F7      7F7        9        8       0
                text40                             1602     1602        6     2C04       0
                text39                             15F1     15F1        3     2BE2       0
                text38                             1643     1643        D     2C86       0
                text37                             1608     1608        6     2C10       0
                text36                             15F4     15F4        3     2BE8       0
                text35                             16C3     16C3       19     2D86       0
                text34                             1650     1650        E     2CA0       0
                text33                              A85      A85       5B     150A       0
                text32                              AE0      AE0       5B     15C0       0
                text31                              BF7      BF7       97     17EE       0
                text30                             17D4     17D4       2C     2FA8       0
                text29                             172B     172B       1C     2E56       0
                text28                              783      783       74        8       0
                text27                             1788     1788       23     2F10       0
                text26                               67       67      257        8       0
                text25                              C8E      C8E       AC     191C       0
                text24                             162C     162C        A     2C58       0
                text23                              B3B      B3B       5D     1676       0
                text22                              984      984       54     1308       0
                text21                             1682     1682       15     2D04       0
                text20                              9D8      9D8       54     13B0       0
                text19                              881      881       38     1102       0
                text18                             1697     1697       16     2D2E       0
                text17                             16AD     16AD       16     2D5A       0
                text16                              801      801       1C     1002       0
                text15                              B98      B98       5F     1730       0
                text14                             1747     1747       1F     2E8E       0
                text13                              EFF      EFF      101     1DFE       0
                text12                              E15      E15       EA     1C2A       0
                text11                             16DC     16DC       1A     2DB8       0
                text10                                3        3        1        6       0
                text9                               8B9      8B9       3F     1172       0
                text8                              17AB     17AB       29     2F56       0
                text7                              16F6     16F6       1A     2DEC       0
                text6                               A2C      A2C       59     1458       0
                text5                               4DD      4DD      170        8       0
                text4                               D3A      D3A       DB     1A74       0
                text3                               81D      81D       31     103A       0
                text2                              166F     166F       13     2CDE       0
                text1                               64D      64D      136        8       0
                maintext                            2BE      2BE      21F        8       0
                cstackBANK0                          20       20       50       20       1
                cstackCOMMON                         70       70        E       70       1
                cstackBANK1                          A0       A0       21       A0       1
                clrtext                            160E     160E        6     2C1C       0
                inittext                           1614     1614        6     2C28       0
                dataBANK4                           220      220       22      220       1
                bssBANK4                            242      242       20      220       1
                dataBANK3                           1A0      1A0       33      1A0       1
                bssBANK3                            1D3      1D3       10      1A0       1
                dataBANK2                           120      120       44      120       1
                dataBANK1                            D9       D9       11       A0       1
                bssBANK1                             C1       C1       18       A0       1
                stringtext3                        182D     182D        9     3000       0
                stringtext2                        1818     1818       15     3000       0
                stringtext1                        1800     1800       18     3000       0
                idataBANK4                         1766     1766       22     2ECC       0
                idataBANK3                          84E      84E       33     109C       0
                idataBANK2                          8F8      8F8       44     11F0       0
                idataBANK1                         165E     165E       11     2CBC       0

TOTAL           Name                               Link     Load   Length     Space
        CLASS   STACK          

        CLASS   CODE           
                end_init                             19       19        2         0
                cinit                                1B       1B       4C         0
                intentry                              4        4       15         0
                reset_vec                             0        0        2         0
                text50                                2        2        1         0
                text49                             1636     1636        D         0
                text48                             15FC     15FC        6         0
                text46                             1710     1710       1B         0
                text45                             161A     161A        9         0
                text44                             15F7     15F7        5         0
                text43                              93C      93C       48         0
                text42                             1623     1623        9         0
                text41                              7F7      7F7        9         0
                text40                             1602     1602        6         0
                text39                             15F1     15F1        3         0
                text38                             1643     1643        D         0
                text37                             1608     1608        6         0
                text36                             15F4     15F4        3         0
                text35                             16C3     16C3       19         0
                text34                             1650     1650        E         0
                text33                              A85      A85       5B         0
                text32                              AE0      AE0       5B         0
                text31                              BF7      BF7       97         0
                text30                             17D4     17D4       2C         0
                text29                             172B     172B       1C         0
                text28                              783      783       74         0
                text27                             1788     1788       23         0
                text26                               67       67      257         0
                text25                              C8E      C8E       AC         0
                text24                             162C     162C        A         0
                text23                              B3B      B3B       5D         0
                text22                              984      984       54         0
                text21                             1682     1682       15         0
                text20                              9D8      9D8       54         0
                text19                              881      881       38         0
                text18                             1697     1697       16         0
                text17                             16AD     16AD       16         0
                text16                              801      801       1C         0
                text15                              B98      B98       5F         0
                text14                             1747     1747       1F         0
                text13                              EFF      EFF      101         0
                text12                              E15      E15       EA         0
                text11                             16DC     16DC       1A         0
                text10                                3        3        1         0
                text9                               8B9      8B9       3F         0
                text8                              17AB     17AB       29         0
                text7                              16F6     16F6       1A         0
                text6                               A2C      A2C       59         0
                text5                               4DD      4DD      170         0
                text4                               D3A      D3A       DB         0
                text3                               81D      81D       31         0
                text2                              166F     166F       13         0
                text1                               64D      64D      136         0
                maintext                            2BE      2BE      21F         0
                clrtext                            160E     160E        6         0
                inittext                           1614     1614        6         0
                idataBANK4                         1766     1766       22         0
                idataBANK3                          84E      84E       33         0
                idataBANK2                          8F8      8F8       44         0
                idataBANK1                         165E     165E       11         0

        CLASS   STRCODE        
                stringtext3                        182D     182D        9         0
                stringtext2                        1818     1818       15         0
                stringtext1                        1800     1800       18         0

        CLASS   STRING         

        CLASS   CONST          

        CLASS   ENTRY          

        CLASS   COMMON         
                cstackCOMMON                         70       70        E         1

        CLASS   BANK0          
                cstackBANK0                          20       20       50         1

        CLASS   BANK1          
                cstackBANK1                          A0       A0       21         1
                dataBANK1                            D9       D9       11         1
                bssBANK1                             C1       C1       18         1

        CLASS   BANK2          
                dataBANK2                           120      120       44         1

        CLASS   BANK3          
                dataBANK3                           1A0      1A0       33         1
                bssBANK3                            1D3      1D3       10         1

        CLASS   BANK4          
                dataBANK4                           220      220       22         1
                bssBANK4                            242      242       20         1

        CLASS   BANK5          

        CLASS   BANK6          

        CLASS   BANK7          

        CLASS   BANK8          

        CLASS   BANK9          

        CLASS   BANK10         

        CLASS   BANK11         

        CLASS   BANK12         

        CLASS   BIGRAM         

        CLASS   RAM            

        CLASS   ABS1           
                abs_s1                               7E       7E        2         1

        CLASS   SFR0           

        CLASS   SFR1           

        CLASS   SFR2           

        CLASS   SFR3           

        CLASS   SFR4           

        CLASS   SFR5           

        CLASS   SFR6           

        CLASS   SFR7           

        CLASS   SFR8           

        CLASS   SFR9           

        CLASS   SFR10          

        CLASS   SFR11          

        CLASS   SFR12          

        CLASS   SFR13          

        CLASS   SFR14          

        CLASS   SFR15          

        CLASS   SFR16          

        CLASS   SFR17          

        CLASS   SFR18          

        CLASS   SFR19          

        CLASS   SFR20          

        CLASS   SFR21          

        CLASS   SFR22          

        CLASS   SFR23          

        CLASS   SFR24          

        CLASS   SFR25          

        CLASS   SFR26          

        CLASS   SFR27          

        CLASS   SFR28          

        CLASS   SFR29          

        CLASS   SFR30          

        CLASS   SFR31          

        CLASS   CONFIG         
                config                             8007     8007        3         4

        CLASS   IDLOC          

        CLASS   BANK31         

        CLASS   BANK30         

        CLASS   BANK29         

        CLASS   BANK28         

        CLASS   BANK27         

        CLASS   BANK26         

        CLASS   BANK25         

        CLASS   BANK24         

        CLASS   BANK23         

        CLASS   BANK22         

        CLASS   BANK21         

        CLASS   BANK20         

        CLASS   BANK19         

        CLASS   BANK18         

        CLASS   BANK17         

        CLASS   BANK16         

        CLASS   BANK15         

        CLASS   BANK14         

        CLASS   BANK13         

        CLASS   EEDATA         



SEGMENTS        Name                           Load    Length   Top    Selector   Space  Class     Delta

                reset_vec                      000000  000003  000003         0       0  CODE        2
                text10                         000003  000001  000004         6       0  CODE        2
                intentry                       000004  0007FC  000800         8       0  CODE        2
                cstackBANK0                    000020  000050  000070        20       1  BANK0       1
                cstackCOMMON                   000070  00000E  00007E        70       1  COMMON      1
                cstackBANK1                    0000A0  00004A  0000EA        A0       1  BANK1       1
                dataBANK2                      000120  000044  000164       120       1  BANK2       1
                dataBANK3                      0001A0  000043  0001E3       1A0       1  BANK3       1
                dataBANK4                      000220  000042  000262       220       1  BANK4       1
                text16                         000801  00001C  00081D      1002       0  CODE        2
                text3                          00081D  000031  00084E      103A       0  CODE        2
                idataBANK3                     00084E  000033  000881      109C       0  CODE        2
                text19                         000881  000038  0008B9      1102       0  CODE        2
                text9                          0008B9  00003F  0008F8      1172       0  CODE        2
                idataBANK2                     0008F8  000044  00093C      11F0       0  CODE        2
                text43                         00093C  000048  000984      1278       0  CODE        2
                text22                         000984  000054  0009D8      1308       0  CODE        2
                text20                         0009D8  000054  000A2C      13B0       0  CODE        2
                text6                          000A2C  000059  000A85      1458       0  CODE        2
                text33                         000A85  00005B  000AE0      150A       0  CODE        2
                text32                         000AE0  00005B  000B3B      15C0       0  CODE        2
                text23                         000B3B  00005D  000B98      1676       0  CODE        2
                text15                         000B98  00005F  000BF7      1730       0  CODE        2
                text31                         000BF7  000097  000C8E      17EE       0  CODE        2
                text25                         000C8E  0000AC  000D3A      191C       0  CODE        2
                text4                          000D3A  0000DB  000E15      1A74       0  CODE        2
                text12                         000E15  0000EA  000EFF      1C2A       0  CODE        2
                text13                         000EFF  000101  001000      1DFE       0  CODE        2
                text39                         0015F1  000003  0015F4      2BE2       0  CODE        2
                text36                         0015F4  000003  0015F7      2BE8       0  CODE        2
                text44                         0015F7  000005  0015FC      2BEE       0  CODE        2
                text48                         0015FC  000006  001602      2BF8       0  CODE        2
                text40                         001602  000006  001608      2C04       0  CODE        2
                text37                         001608  000006  00160E      2C10       0  CODE        2
                clrtext                        00160E  000006  001614      2C1C       0  CODE        2
                inittext                       001614  000006  00161A      2C28       0  CODE        2
                text45                         00161A  000009  001623      2C34       0  CODE        2
                text42                         001623  000009  00162C      2C46       0  CODE        2
                text24                         00162C  00000A  001636      2C58       0  CODE        2
                text49                         001636  00000D  001643      2C6C       0  CODE        2
                text38                         001643  00000D  001650      2C86       0  CODE        2
                text34                         001650  00000E  00165E      2CA0       0  CODE        2
                idataBANK1                     00165E  000011  00166F      2CBC       0  CODE        2
                text2                          00166F  000013  001682      2CDE       0  CODE        2
                text21                         001682  000015  001697      2D04       0  CODE        2
                text18                         001697  000016  0016AD      2D2E       0  CODE        2
                text17                         0016AD  000016  0016C3      2D5A       0  CODE        2
                text35                         0016C3  000019  0016DC      2D86       0  CODE        2
                text11                         0016DC  00001A  0016F6      2DB8       0  CODE        2
                text7                          0016F6  00001A  001710      2DEC       0  CODE        2
                text46                         001710  00001B  00172B      2E20       0  CODE        2
                text29                         00172B  00001C  001747      2E56       0  CODE        2
                text14                         001747  00001F  001766      2E8E       0  CODE        2
                idataBANK4                     001766  000022  001788      2ECC       0  CODE        2
                text27                         001788  000023  0017AB      2F10       0  CODE        2
                text8                          0017AB  000029  0017D4      2F56       0  CODE        2
                text30                         0017D4  00002C  001800      2FA8       0  CODE        2
                stringtext1                    001800  000036  001836      3000       0  STRCODE     2


UNUSED ADDRESS RANGES

        Name                Unused          Largest block    Delta
        BANK1            000EA-000EF               6           1
        BANK10           00520-0056F              50           1
        BANK11           005A0-005EF              50           1
        BANK12           00620-0064F              30           1
        BANK2            00164-0016F               C           1
        BANK3            001E3-001EF               D           1
        BANK4            00262-0026F               E           1
        BANK5            002A0-002EF              50           1
        BANK6            00320-0036F              50           1
        BANK7            003A0-003EF              50           1
        BANK8            00420-0046F              50           1
        BANK9            004A0-004EF              50           1
        BIGRAM           02000-023EF             3F0           1
        CODE             00800-00800               1           2
                         01000-015F0             5F1
                         01836-01FFF             7CA
        CONST            00800-00800               1           2
                         01000-015F0             100
                         01836-01FFF             100
        ENTRY            00800-00800               1           2
                         01000-015F0             100
                         01836-01FFF             100
        IDLOC            08000-08003               4           2
        RAM              000EA-000EF               6           1
                         00164-0016F               C
                         001E3-001EF               D
                         00262-0026F               E
                         002A0-002EF              50
                         00320-0036F              50
                         003A0-003EF              50
                         00420-0046F              50
                         004A0-004EF              50
                         00520-0056F              50
                         005A0-005EF              50
                         00620-0064F              30
        SFR0             00000-0001F              20           1
        SFR1             00080-0009F              20           1
        SFR10            00500-0051F              20           1
        SFR11            00580-0059F              20           1
        SFR12            00600-0061F              20           1
        SFR13            00680-006EF              70           1
        SFR14            00700-0076F              70           1
        SFR15            00780-007EF              70           1
        SFR16            00800-0086F              70           1
        SFR17            00880-008EF              70           1
        SFR18            00900-0096F              70           1
        SFR19            00980-009EF              70           1
        SFR2             00100-0011F              20           1
        SFR20            00A00-00A6F              70           1
        SFR21            00A80-00AEF              70           1
        SFR22            00B00-00B6F              70           1
        SFR23            00B80-00BEF              70           1
        SFR24            00C00-00C6F              70           1
        SFR25            00C80-00CEF              70           1
        SFR26            00D00-00D6F              70           1
        SFR27            00D80-00DEF              70           1
        SFR28            00E00-00E6F              70           1
        SFR29            00E80-00EEF              70           1
        SFR3             00180-0019F              20           1
        SFR30            00F00-00F6F              70           1
        SFR31            00F80-00FEF              70           1
        SFR4             00200-0021F              20           1
        SFR5             00280-0029F              20           1
        SFR6             00300-0031F              20           1
        SFR7             00380-0039F              20           1
        SFR8             00400-0041F              20           1
        SFR9             00480-0049F              20           1
        STACK            02182-023EF             26E           1
        STRCODE          00800-00800               1           2
                         01000-015F0             5F1
                         01836-01FFF             7CA
        STRING           00800-00800               1           2
                         01000-015F0             100
                         01836-01FFF             100

                                  Symbol Table

?_ADC_GetConversion                       cstackCOMMON 00070
?__Umul8_16                               cstackCOMMON 00070
?___aodiv                                 cstackBANK0  00020
?___aomod                                 cstackBANK0  00020
?___awdiv                                 cstackCOMMON 00070
?___flmul                                 cstackBANK0  00020
?___fltol                                 cstackCOMMON 00070
?___wmul                                  cstackCOMMON 00070
?___xxtofl                                cstackCOMMON 00070
?_abs                                     cstackCOMMON 00073
?_dtoa                                    cstackBANK0  00030
?_getDieTemp                              cstackBANK0  0003A
?_getTemp_TC                              cstackBANK0  0003A
?_pad                                     cstackBANK0  00024
?_printf                                  cstackBANK0  00066
?_readRawData                             cstackCOMMON 00071
?_strlen                                  cstackCOMMON 00070
?_vfpfcnvrt                               cstackBANK0  0004E
?_vfprintf                                cstackBANK0  0005E
ADC_GetConversion@channel                 cstackCOMMON 00073
PIN_MANAGER_Initialize@state              cstackCOMMON 00070
PWM3_LoadDutyValue@dutyValue              cstackCOMMON 00070
PWM4_LoadDutyValue@dutyValue              cstackCOMMON 00070
TMR4_SetInterruptHandler@InterruptHandler cstackCOMMON 00070
_ADCON0                                   (abs)        0009D
_ADCON0bits                               (abs)        0009D
_ADCON1                                   (abs)        0009E
_ADCON2                                   (abs)        0009F
_ADC_GetConversion                        text46       01710
_ADC_Initialize                           text45       0161A
_ADRESH                                   (abs)        0009C
_ADRESL                                   (abs)        0009B
_ANSELA                                   (abs)        0018C
_ANSELB                                   (abs)        0018D
_ANSELC                                   (abs)        0018E
_BF                                       (abs)        010A0
_CCPTMRSbits                              (abs)        0029E
_GIE                                      (abs)        0005F
_INTCONbits                               (abs)        0000B
_INTERRUPT_InterruptManager               intentry     00004
_LATA                                     (abs)        0010C
_LATB                                     (abs)        0010D
_LATB7                                    (abs)        0086F
_LATC                                     (abs)        0010E
_LATC6                                    (abs)        00876
_LATC7                                    (abs)        00877
_ODCONA                                   (abs)        0028C
_ODCONB                                   (abs)        0028D
_ODCONC                                   (abs)        0028E
_OPTION_REGbits                           (abs)        00095
_OSCCON                                   (abs)        00099
_OSCILLATOR_Initialize                    text44       015F7
_OSCTUNE                                  (abs)        00098
_PIE2bits                                 (abs)        00091
_PIN_MANAGER_Initialize                   text43       0093C
_PIR1bits                                 (abs)        00010
_PIR2bits                                 (abs)        00011
_PPSLOCK                                  (abs)        00E0F
_PPSLOCKbits                              (abs)        00E0F
_PR2                                      (abs)        0001B
_PR4                                      (abs)        00414
_PWM3CON                                  (abs)        00619
_PWM3DCH                                  (abs)        00618
_PWM3DCL                                  (abs)        00617
_PWM3_Initialize                          text42       01623
_PWM3_LoadDutyValue                       text18       01697
_PWM4CON                                  (abs)        0061C
_PWM4DCH                                  (abs)        0061B
_PWM4DCL                                  (abs)        0061A
_PWM4_Initialize                          text41       007F7
_PWM4_LoadDutyValue                       text17       016AD
_RB5PPS                                   (abs)        00E9D
_RB6PPS                                   (abs)        00E9E
_RC0PPS                                   (abs)        00EA0
_RC1PPS                                   (abs)        00EA1
_SPI_Initialize                           text40       01602
_SSP1ADD                                  (abs)        00212
_SSP1BUF                                  (abs)        00211
_SSP1CON1                                 (abs)        00215
_SSP1STAT                                 (abs)        00214
_SSP1STATbits                             (abs)        00214
_SSPBUF                                   (abs)        00211
_SSPCLKPPS                                (abs)        00E20
_SSPDATPPS                                (abs)        00E21
_SYSTEM_Initialize                        text29       0172B
_T2CLKCON                                 (abs)        0001E
_T2CON                                    (abs)        0001C
_T2CONbits                                (abs)        0001C
_T2HLT                                    (abs)        0001D
_T2HLTbits                                (abs)        0001D
_T2PPS                                    (abs)        00E18
_T2PR                                     (abs)        0001B
_T2RST                                    (abs)        0001F
_T2RSTbits                                (abs)        0001F
_T2TMR                                    (abs)        0001A
_T4CLKCON                                 (abs)        00417
_T4CON                                    (abs)        00415
_T4CONbits                                (abs)        00415
_T4HLT                                    (abs)        00416
_T4HLTbits                                (abs)        00416
_T4PPS                                    (abs)        00E1B
_T4PR                                     (abs)        00414
_T4RST                                    (abs)        00418
_T4RSTbits                                (abs)        00418
_T4TMR                                    (abs)        00413
_TMR2                                     (abs)        0001A
_TMR2_Initialize                          text38       01643
_TMR2_Start                               text39       015F1
_TMR4                                     (abs)        00413
_TMR4_CallBack                            text49       01636
_TMR4_DefaultInterruptHandler             text50       00002
_TMR4_ISR                                 text48       015FC
_TMR4_Initialize                          text35       016C3
_TMR4_InterruptHandler                    bssBANK1     000D5
_TMR4_SetInterruptHandler                 text37       01608
_TMR4_Start                               text36       015F4
_TRISA                                    (abs)        0008C
_TRISB                                    (abs)        0008D
_TRISC                                    (abs)        0008E
_WPUA                                     (abs)        0020C
_WPUB                                     (abs)        0020D
_WPUC                                     (abs)        0020E
__Habs1                                   abs1         00000
__Hbank0                                  bank0        00000
__Hbank1                                  bank1        00000
__Hbank10                                 bank10       00000
__Hbank11                                 bank11       00000
__Hbank12                                 bank12       00000
__Hbank13                                 bank13       00000
__Hbank14                                 bank14       00000
__Hbank15                                 bank15       00000
__Hbank16                                 bank16       00000
__Hbank17                                 bank17       00000
__Hbank18                                 bank18       00000
__Hbank19                                 bank19       00000
__Hbank2                                  bank2        00000
__Hbank20                                 bank20       00000
__Hbank21                                 bank21       00000
__Hbank22                                 bank22       00000
__Hbank23                                 bank23       00000
__Hbank24                                 bank24       00000
__Hbank25                                 bank25       00000
__Hbank26                                 bank26       00000
__Hbank27                                 bank27       00000
__Hbank28                                 bank28       00000
__Hbank29                                 bank29       00000
__Hbank3                                  bank3        00000
__Hbank30                                 bank30       00000
__Hbank31                                 bank31       00000
__Hbank4                                  bank4        00000
__Hbank5                                  bank5        00000
__Hbank6                                  bank6        00000
__Hbank7                                  bank7        00000
__Hbank8                                  bank8        00000
__Hbank9                                  bank9        00000
__Hbigram                                 bigram       00000
__HbssBANK1                               bssBANK1     00000
__HbssBANK3                               bssBANK3     00000
__HbssBANK4                               bssBANK4     00000
__Hcinit                                  cinit        00067
__Hclrtext                                clrtext      00000
__Hcode                                   code         00000
__Hcommon                                 common       00000
__Hconfig                                 config       0800A
__HcstackBANK0                            cstackBANK0  00000
__HcstackBANK1                            cstackBANK1  00000
__HcstackCOMMON                           cstackCOMMON 00000
__HdataBANK1                              dataBANK1    00000
__HdataBANK2                              dataBANK2    00000
__HdataBANK3                              dataBANK3    00000
__HdataBANK4                              dataBANK4    00000
__Heeprom_data                            eeprom_data  00000
__Hend_init                               end_init     0001B
__Hfunctab                                functab      00000
__HidataBANK1                             idataBANK1   00000
__HidataBANK2                             idataBANK2   00000
__HidataBANK3                             idataBANK3   00000
__HidataBANK4                             idataBANK4   00000
__Hinit                                   init         00019
__Hinittext                               inittext     00000
__Hintentry                               intentry     00019
__Hmaintext                               maintext     00000
__Hpowerup                                powerup      00000
__Hram                                    ram          00000
__Hreset_vec                              reset_vec    00002
__Hsfr0                                   sfr0         00000
__Hsfr1                                   sfr1         00000
__Hsfr10                                  sfr10        00000
__Hsfr11                                  sfr11        00000
__Hsfr12                                  sfr12        00000
__Hsfr13                                  sfr13        00000
__Hsfr14                                  sfr14        00000
__Hsfr15                                  sfr15        00000
__Hsfr16                                  sfr16        00000
__Hsfr17                                  sfr17        00000
__Hsfr18                                  sfr18        00000
__Hsfr19                                  sfr19        00000
__Hsfr2                                   sfr2         00000
__Hsfr20                                  sfr20        00000
__Hsfr21                                  sfr21        00000
__Hsfr22                                  sfr22        00000
__Hsfr23                                  sfr23        00000
__Hsfr24                                  sfr24        00000
__Hsfr25                                  sfr25        00000
__Hsfr26                                  sfr26        00000
__Hsfr27                                  sfr27        00000
__Hsfr28                                  sfr28        00000
__Hsfr29                                  sfr29        00000
__Hsfr3                                   sfr3         00000
__Hsfr30                                  sfr30        00000
__Hsfr31                                  sfr31        00000
__Hsfr4                                   sfr4         00000
__Hsfr5                                   sfr5         00000
__Hsfr6                                   sfr6         00000
__Hsfr7                                   sfr7         00000
__Hsfr8                                   sfr8         00000
__Hsfr9                                   sfr9         00000
__Hspace_0                                (abs)        01836
__Hspace_1                                (abs)        00262
__Hspace_2                                (abs)        00000
__Hspace_3                                (abs)        00000
__Hspace_4                                (abs)        10011
__Hstack                                  stack        00000
__Hstrings                                strings      00000
__Hstringtext1                            stringtext1  00000
__Hstringtext2                            stringtext2  00000
__Hstringtext3                            stringtext3  00000
__Hstringtext4                            stringtext4  00000
__Htext                                   text         00000
__Labs1                                   abs1         00000
__Lbank0                                  bank0        00000
__Lbank1                                  bank1        00000
__Lbank10                                 bank10       00000
__Lbank11                                 bank11       00000
__Lbank12                                 bank12       00000
__Lbank13                                 bank13       00000
__Lbank14                                 bank14       00000
__Lbank15                                 bank15       00000
__Lbank16                                 bank16       00000
__Lbank17                                 bank17       00000
__Lbank18                                 bank18       00000
__Lbank19                                 bank19       00000
__Lbank2                                  bank2        00000
__Lbank20                                 bank20       00000
__Lbank21                                 bank21       00000
__Lbank22                                 bank22       00000
__Lbank23                                 bank23       00000
__Lbank24                                 bank24       00000
__Lbank25                                 bank25       00000
__Lbank26                                 bank26       00000
__Lbank27                                 bank27       00000
__Lbank28                                 bank28       00000
__Lbank29                                 bank29       00000
__Lbank3                                  bank3        00000
__Lbank30                                 bank30       00000
__Lbank31                                 bank31       00000
__Lbank4                                  bank4        00000
__Lbank5                                  bank5        00000
__Lbank6                                  bank6        00000
__Lbank7                                  bank7        00000
__Lbank8                                  bank8        00000
__Lbank9                                  bank9        00000
__Lbigram                                 bigram       00000
__LbssBANK1                               bssBANK1     00000
__LbssBANK3                               bssBANK3     00000
__LbssBANK4                               bssBANK4     00000
__Lcinit                                  cinit        0001B
__Lclrtext                                clrtext      00000
__Lcode                                   code         00000
__Lcommon                                 common       00000
__Lconfig                                 config       00000
__LcstackBANK0                            cstackBANK0  00000
__LcstackBANK1                            cstackBANK1  00000
__LcstackCOMMON                           cstackCOMMON 00000
__LdataBANK1                              dataBANK1    00000
__LdataBANK2                              dataBANK2    00000
__LdataBANK3                              dataBANK3    00000
__LdataBANK4                              dataBANK4    00000
__Leeprom_data                            eeprom_data  00000
__Lend_init                               end_init     00019
__Lfunctab                                functab      00000
__LidataBANK1                             idataBANK1   00000
__LidataBANK2                             idataBANK2   00000
__LidataBANK3                             idataBANK3   00000
__LidataBANK4                             idataBANK4   00000
__Linit                                   init         00019
__Linittext                               inittext     00000
__Lintentry                               intentry     00004
__Lmaintext                               maintext     00000
__Lpowerup                                powerup      00000
__Lram                                    ram          00000
__Lreset_vec                              reset_vec    00000
__Lsfr0                                   sfr0         00000
__Lsfr1                                   sfr1         00000
__Lsfr10                                  sfr10        00000
__Lsfr11                                  sfr11        00000
__Lsfr12                                  sfr12        00000
__Lsfr13                                  sfr13        00000
__Lsfr14                                  sfr14        00000
__Lsfr15                                  sfr15        00000
__Lsfr16                                  sfr16        00000
__Lsfr17                                  sfr17        00000
__Lsfr18                                  sfr18        00000
__Lsfr19                                  sfr19        00000
__Lsfr2                                   sfr2         00000
__Lsfr20                                  sfr20        00000
__Lsfr21                                  sfr21        00000
__Lsfr22                                  sfr22        00000
__Lsfr23                                  sfr23        00000
__Lsfr24                                  sfr24        00000
__Lsfr25                                  sfr25        00000
__Lsfr26                                  sfr26        00000
__Lsfr27                                  sfr27        00000
__Lsfr28                                  sfr28        00000
__Lsfr29                                  sfr29        00000
__Lsfr3                                   sfr3         00000
__Lsfr30                                  sfr30        00000
__Lsfr31                                  sfr31        00000
__Lsfr4                                   sfr4         00000
__Lsfr5                                   sfr5         00000
__Lsfr6                                   sfr6         00000
__Lsfr7                                   sfr7         00000
__Lsfr8                                   sfr8         00000
__Lsfr9                                   sfr9         00000
__Lspace_0                                (abs)        00000
__Lspace_1                                (abs)        00000
__Lspace_2                                (abs)        00000
__Lspace_3                                (abs)        00000
__Lspace_4                                (abs)        00000
__Lstack                                  stack        00000
__Lstrings                                strings      00000
__Lstringtext1                            stringtext1  00000
__Lstringtext2                            stringtext2  00000
__Lstringtext3                            stringtext3  00000
__Lstringtext4                            stringtext4  00000
__Ltext                                   text         00000
__S0                                      (abs)        01836
__S1                                      (abs)        00262
__S2                                      (abs)        00000
__Umul8_16                                text27       01788
__Umul8_16@multiplicand                   cstackCOMMON 00070
__Umul8_16@multiplier                     cstackCOMMON 00078
__Umul8_16@product                        cstackCOMMON 00074
__Umul8_16@word_mpld                      cstackCOMMON 00076
___aodiv                                  text13       00EFF
___aodiv@counter                          cstackCOMMON 00071
___aodiv@dividend                         cstackBANK0  00028
___aodiv@divisor                          cstackBANK0  00020
___aodiv@quotient                         cstackCOMMON 00073
___aodiv@sign                             cstackCOMMON 00072
___aomod                                  text12       00E15
___aomod@counter                          cstackCOMMON 00071
___aomod@dividend                         cstackBANK0  00028
___aomod@divisor                          cstackBANK0  00020
___aomod@sign                             cstackCOMMON 00072
___awdiv                                  text15       00B98
___awdiv@counter                          cstackCOMMON 00075
___awdiv@dividend                         cstackCOMMON 00072
___awdiv@divisor                          cstackCOMMON 00070
___awdiv@quotient                         cstackCOMMON 00077
___awdiv@sign                             cstackCOMMON 00076
___flmul                                  text26       00067
___flmul@a                                cstackBANK0  00024
___flmul@aexp                             cstackBANK0  00032
___flmul@b                                cstackBANK0  00020
___flmul@bexp                             cstackBANK0  00033
___flmul@grs                              cstackBANK0  0002E
___flmul@prod                             cstackBANK0  00034
___flmul@sign                             cstackBANK0  0002D
___flmul@temp                             cstackBANK0  00038
___fltol                                  text28       00783
___fltol@exp1                             cstackCOMMON 0007A
___fltol@f1                               cstackCOMMON 00070
___fltol@sign1                            cstackCOMMON 00079
___int_sp                                 stack        00000
___latbits                                (abs)        00002
___sp                                     stack        00000
___stackhi                                (abs)        023EF
___stacklo                                (abs)        02182
___wmul                                   text14       01747
___wmul@multiplicand                      cstackCOMMON 00072
___wmul@multiplier                        cstackCOMMON 00070
___wmul@product                           cstackCOMMON 00074
___xxtofl                                 text25       00C8E
___xxtofl@arg                             cstackCOMMON 0007A
___xxtofl@exp                             cstackCOMMON 00079
___xxtofl@sign                            cstackCOMMON 00078
___xxtofl@val                             cstackCOMMON 00070
__end_of_ADC_GetConversion                text46       0172B
__end_of_ADC_Initialize                   text45       01623
__end_of_INTERRUPT_InterruptManager       intentry     00019
__end_of_OSCILLATOR_Initialize            text44       015FC
__end_of_PIN_MANAGER_Initialize           text43       00984
__end_of_PWM3_Initialize                  text42       0162C
__end_of_PWM3_LoadDutyValue               text18       016AD
__end_of_PWM4_Initialize                  text41       00800
__end_of_PWM4_LoadDutyValue               text17       016C3
__end_of_SPI_Initialize                   text40       01608
__end_of_SYSTEM_Initialize                text29       01747
__end_of_TMR2_Initialize                  text38       01650
__end_of_TMR2_Start                       text39       015F4
__end_of_TMR4_CallBack                    text49       01643
__end_of_TMR4_DefaultInterruptHandler     text50       00003
__end_of_TMR4_ISR                         text48       01602
__end_of_TMR4_Initialize                  text35       016DC
__end_of_TMR4_SetInterruptHandler         text37       0160E
__end_of_TMR4_Start                       text36       015F7
__end_of__Umul8_16                        text27       017AB
__end_of___aodiv                          text13       01000
__end_of___aomod                          text12       00EFF
__end_of___awdiv                          text15       00BF7
__end_of___flmul                          text26       002BE
__end_of___fltol                          text28       007F7
__end_of___wmul                           text14       01766
__end_of___xxtofl                         text25       00D3A
__end_of__initialization                  cinit        00063
__end_of_abs                              text11       016F6
__end_of_command                          text33       00AE0
__end_of_dataCMD                          text32       00B3B
__end_of_dtoa                             text5        0064D
__end_of_fputc                            text9        008F8
__end_of_fputs                            text8        017D4
__end_of_getDieTemp                       text22       009D8
__end_of_getFaultCodes                    text21       01697
__end_of_getTemp_TC                       text20       00A2C
__end_of_initDisplay                      text30       01800
__end_of_initOLED                         text31       00C8E
__end_of_main                             maintext     004DD
__end_of_pad                              text6        00A85
__end_of_printf                           text2        01682
__end_of_putch                            text10       00004
__end_of_readRawData                      text23       00B98
__end_of_reportfault                      text19       008B9
__end_of_setMotorSpeed                    text16       0081D
__end_of_spi_transfer                     text24       01636
__end_of_spi_write                        text34       0165E
__end_of_strlen                           text7        01710
__end_of_stuffIntToCharsBuf               text1        00783
__end_of_vfpfcnvrt                        text4        00E15
__end_of_vfprintf                         text3        0084E
__initialization                          cinit        0001B
__pbssBANK1                               bssBANK1     000C1
__pbssBANK3                               bssBANK3     001D3
__pbssBANK4                               bssBANK4     00242
__pcstackBANK0                            cstackBANK0  00020
__pcstackBANK1                            cstackBANK1  000A0
__pcstackCOMMON                           cstackCOMMON 00070
__pdataBANK1                              dataBANK1    000D9
__pdataBANK2                              dataBANK2    00120
__pdataBANK3                              dataBANK3    001A0
__pdataBANK4                              dataBANK4    00220
__pidataBANK1                             idataBANK1   0165E
__pidataBANK2                             idataBANK2   008F8
__pidataBANK3                             idataBANK3   0084E
__pidataBANK4                             idataBANK4   01766
__pintentry                               intentry     00004
__pmaintext                               maintext     002BE
__pstringtext1                            stringtext1  01800
__pstringtext2                            stringtext2  01818
__pstringtext3                            stringtext3  0182D
__pstringtext4                            stringtext4  00000
__ptext1                                  text1        0064D
__ptext10                                 text10       00003
__ptext11                                 text11       016DC
__ptext12                                 text12       00E15
__ptext13                                 text13       00EFF
__ptext14                                 text14       01747
__ptext15                                 text15       00B98
__ptext16                                 text16       00801
__ptext17                                 text17       016AD
__ptext18                                 text18       01697
__ptext19                                 text19       00881
__ptext2                                  text2        0166F
__ptext20                                 text20       009D8
__ptext21                                 text21       01682
__ptext22                                 text22       00984
__ptext23                                 text23       00B3B
__ptext24                                 text24       0162C
__ptext25                                 text25       00C8E
__ptext26                                 text26       00067
__ptext27                                 text27       01788
__ptext28                                 text28       00783
__ptext29                                 text29       0172B
__ptext3                                  text3        0081D
__ptext30                                 text30       017D4
__ptext31                                 text31       00BF7
__ptext32                                 text32       00AE0
__ptext33                                 text33       00A85
__ptext34                                 text34       01650
__ptext35                                 text35       016C3
__ptext36                                 text36       015F4
__ptext37                                 text37       01608
__ptext38                                 text38       01643
__ptext39                                 text39       015F1
__ptext4                                  text4        00D3A
__ptext40                                 text40       01602
__ptext41                                 text41       007F7
__ptext42                                 text42       01623
__ptext43                                 text43       0093C
__ptext44                                 text44       015F7
__ptext45                                 text45       0161A
__ptext46                                 text46       01710
__ptext48                                 text48       015FC
__ptext49                                 text49       01636
__ptext5                                  text5        004DD
__ptext50                                 text50       00002
__ptext6                                  text6        00A2C
__ptext7                                  text7        016F6
__ptext8                                  text8        017AB
__ptext9                                  text9        008B9
__size_of_ADC_GetConversion               (abs)        00000
__size_of_ADC_Initialize                  (abs)        00000
__size_of_INTERRUPT_InterruptManager      (abs)        00000
__size_of_OSCILLATOR_Initialize           (abs)        00000
__size_of_PIN_MANAGER_Initialize          (abs)        00000
__size_of_PWM3_Initialize                 (abs)        00000
__size_of_PWM3_LoadDutyValue              (abs)        00000
__size_of_PWM4_Initialize                 (abs)        00000
__size_of_PWM4_LoadDutyValue              (abs)        00000
__size_of_SPI_Initialize                  (abs)        00000
__size_of_SYSTEM_Initialize               (abs)        00000
__size_of_TMR2_Initialize                 (abs)        00000
__size_of_TMR2_Start                      (abs)        00000
__size_of_TMR4_CallBack                   (abs)        00000
__size_of_TMR4_DefaultInterruptHandler    (abs)        00000
__size_of_TMR4_ISR                        (abs)        00000
__size_of_TMR4_Initialize                 (abs)        00000
__size_of_TMR4_SetInterruptHandler        (abs)        00000
__size_of_TMR4_Start                      (abs)        00000
__size_of__Umul8_16                       (abs)        00000
__size_of___aodiv                         (abs)        00000
__size_of___aomod                         (abs)        00000
__size_of___awdiv                         (abs)        00000
__size_of___flmul                         (abs)        00000
__size_of___fltol                         (abs)        00000
__size_of___wmul                          (abs)        00000
__size_of___xxtofl                        (abs)        00000
__size_of_abs                             (abs)        00000
__size_of_command                         (abs)        00000
__size_of_dataCMD                         (abs)        00000
__size_of_dtoa                            (abs)        00000
__size_of_fputc                           (abs)        00000
__size_of_fputs                           (abs)        00000
__size_of_getDieTemp                      (abs)        00000
__size_of_getFaultCodes                   (abs)        00000
__size_of_getTemp_TC                      (abs)        00000
__size_of_initDisplay                     (abs)        00000
__size_of_initOLED                        (abs)        00000
__size_of_main                            (abs)        00000
__size_of_pad                             (abs)        00000
__size_of_printf                          (abs)        00000
__size_of_putch                           (abs)        00000
__size_of_readRawData                     (abs)        00000
__size_of_reportfault                     (abs)        00000
__size_of_setMotorSpeed                   (abs)        00000
__size_of_spi_transfer                    (abs)        00000
__size_of_spi_write                       (abs)        00000
__size_of_strlen                          (abs)        00000
__size_of_stuffIntToCharsBuf              (abs)        00000
__size_of_vfpfcnvrt                       (abs)        00000
__size_of_vfprintf                        (abs)        00000
_abs                                      text11       016DC
_command                                  text33       00A85
_dataCMD                                  text32       00AE0
_dbuf                                     bssBANK4     00242
_dieTemp                                  bssBANK1     000C1
_dtoa                                     text5        004DD
_dtoa$1489                                cstackBANK0  0003B
_dummy                                    bssBANK1     000D8
_faults                                   bssBANK1     000D7
_flags                                    bssBANK1     000D3
_fputc                                    text9        008B9
_fputs                                    text8        017AB
_getDieTemp                               text22       00984
_getFaultCodes                            text21       01682
_getTemp_TC                               text20       009D8
_initDisplay                              text30       017D4
_initOLED                                 text31       00BF7
_main                                     maintext     002BE
_nout                                     bssBANK1     000CD
_pad                                      text6        00A2C
_prec                                     bssBANK1     000D1
_printf                                   text2        0166F
_putch                                    text10       00003
_readRawData                              text23       00B3B
_reportfault                              text19       00881
_setMotorSpeed                            text16       00801
_spi_transfer                             text24       0162C
_spi_write                                text34       01650
_strlen                                   text7        016F6
_stuffIntToCharsBuf                       text1        0064D
_tcTemp                                   bssBANK1     000C5
_text10                                   dataBANK1    000D9
_text11                                   dataBANK2    00120
_text5                                    dataBANK2    00153
_text6                                    dataBANK2    00142
_text9                                    dataBANK2    00131
_vfpfcnvrt                                text4        00D3A
_vfprintf                                 text3        0081D
_width                                    bssBANK1     000CF
abs@a                                     cstackCOMMON 00073
btemp                                     (abs)        0007E
clear_ram0                                clrtext      0160E
command@bit0                              cstackCOMMON 00074
command@i                                 cstackCOMMON 00076
command@s                                 cstackCOMMON 00075
command@sendByte                          cstackCOMMON 00078
dataCMD@bit0                              cstackCOMMON 00074
dataCMD@i                                 cstackCOMMON 00076
dataCMD@s                                 cstackCOMMON 00075
dataCMD@sendByte                          cstackCOMMON 00078
dtoa@d                                    cstackBANK0  00030
dtoa@fp                                   cstackBANK0  0003F
dtoa@i                                    cstackBANK0  0004C
dtoa@n                                    cstackBANK0  00044
dtoa@p                                    cstackBANK0  0003D
dtoa@s                                    cstackBANK0  00042
dtoa@w                                    cstackBANK0  00040
end_of_initialization                     cinit        00063
fputc@c                                   cstackCOMMON 00070
fputc@fp                                  cstackCOMMON 00072
fputs@c                                   cstackBANK0  00020
fputs@fp                                  cstackCOMMON 00078
fputs@i                                   cstackBANK0  00021
fputs@s                                   cstackBANK0  00023
getDieTemp@raw                            cstackBANK0  00042
getDieTemp@temp_die                       cstackBANK0  00046
getFaultCodes@raw                         cstackBANK0  00027
getTemp_TC@raw                            cstackBANK0  00042
getTemp_TC@temp_tc                        cstackBANK0  00046
initDisplay@i                             cstackCOMMON 0007C
init_ram                                  inittext     01614
int$flags                                 (abs)        0007E
intlevel0                                 functab      00000
intlevel1                                 functab      00000
intlevel2                                 functab      00000
intlevel3                                 functab      00000
intlevel4                                 functab      00000
intlevel5                                 functab      00000
main@adc_value0                           cstackBANK1  000BB
main@adc_value1                           cstackBANK1  000BD
main@i                                    cstackBANK1  000BF
pad@buf                                   cstackBANK0  00024
pad@fp                                    cstackBANK0  0002B
pad@i                                     cstackBANK0  00027
pad@p                                     cstackBANK0  00025
pad@w                                     cstackBANK0  00029
printf@ap                                 cstackBANK1  000A2
printf@fmt                                cstackBANK0  00066
readRawData@byte                          cstackBANK0  00020
readRawData@i                             cstackBANK0  00025
readRawData@result                        cstackBANK0  00021
reportfault@F10328                        dataBANK3    001A0
reportfault@fault                         cstackBANK0  00031
reportfault@faultStr                      cstackBANK0  00020
reportfault@i                             cstackBANK0  00032
reset_vec                                 reset_vec    00000
setMotorSpeed@motorNum                    cstackCOMMON 00076
setMotorSpeed@num                         cstackCOMMON 00074
spi_transfer@data                         cstackCOMMON 00070
spi_write@spiByte                         cstackCOMMON 00071
start                                     init         00019
start_initialization                      cinit        0001B
strlen@a                                  cstackCOMMON 00073
strlen@s                                  cstackCOMMON 00074
stuffIntToCharsBuf@buf                    cstackBANK1  000A5
stuffIntToCharsBuf@dig1                   cstackBANK1  000AD
stuffIntToCharsBuf@dig2                   cstackBANK1  000AF
stuffIntToCharsBuf@dig3                   cstackBANK1  000B1
stuffIntToCharsBuf@dig4                   cstackBANK1  000AB
stuffIntToCharsBuf@neg                    cstackBANK1  000B3
stuffIntToCharsBuf@num                    cstackBANK1  000A3
stuffIntToCharsBuf@pos                    cstackBANK1  000A6
vfpfcnvrt@ap                              cstackBANK0  0004F
vfpfcnvrt@fmt                             cstackBANK0  0004E
vfpfcnvrt@fp                              cstackBANK0  0005D
vfpfcnvrt@ll                              cstackBANK0  00055
vfprintf@ap                               cstackBANK0  00060
vfprintf@cfmt                             cstackBANK0  00064
vfprintf@fmt                              cstackBANK0  0005E
vfprintf@fp                               cstackBANK0  00063
wtemp0                                    (abs)        0007E


FUNCTION INFORMATION:

 *************** function _main *****************
 Defined at:
		line 119 in file "main.c"
 Parameters:    Size  Location     Type
		None
 Auto vars:     Size  Location     Type
  i               2   31[BANK1 ] int 
  adc_value1      2   29[BANK1 ] unsigned short 
  adc_value0      2   27[BANK1 ] unsigned short 
  lower16         2    0        unsigned short 
  upper16         2    0        unsigned short 
 Return value:  Size  Location     Type
                  1    wreg      void 
 Registers used:
		wreg, fsr0l, fsr0h, fsr1l, fsr1h, status,2, status,0, pclath, cstack
 Tracked objects:
		On entry : 
		On exit  : 
		Unchanged: 
 Data sizes:     COMMON   BANK0   BANK1   BANK2   BANK3   BANK4   BANK5   BANK6   BANK7   BANK8   BANK9  BANK10  BANK11  BANK12
      Params:         0       0       0       0       0       0       0       0       0       0       0       0       0       0
      Locals:         0       0      10       0       0       0       0       0       0       0       0       0       0       0
      Temps:          0       0       2       0       0       0       0       0       0       0       0       0       0       0
      Totals:         0       0      12       0       0       0       0       0       0       0       0       0       0       0
Total ram usage:       12 bytes
 Hardware stack levels required when called:   13
 This function calls:
		_ADC_GetConversion
		_SYSTEM_Initialize
		___fltol
		_command
		_dataCMD
		_getDieTemp
		_getFaultCodes
		_getTemp_TC
		_reportfault
		_setMotorSpeed
		_stuffIntToCharsBuf
 This function is called by:
		Startup code after reset
 This function uses a non-reentrant model


 *************** function _stuffIntToCharsBuf *****************
 Defined at:
		line 341 in file "main.c"
 Parameters:    Size  Location     Type
  num             2    3[BANK1 ] int 
  buf             1    5[BANK1 ] PTR unsigned char 
		 -> text10(17), 
  pos             2    6[BANK1 ] int 
 Auto vars:     Size  Location     Type
  neg             2   19[BANK1 ] int 
  dig3            2   17[BANK1 ] int 
  dig2            2   15[BANK1 ] int 
  dig1            2   13[BANK1 ] int 
  dig4            2   11[BANK1 ] int 
 Return value:  Size  Location     Type
                  1    wreg      void 
 Registers used:
		wreg, fsr0l, fsr0h, fsr1l, fsr1h, status,2, status,0, pclath, cstack
 Tracked objects:
		On entry : 
		On exit  : 
		Unchanged: 
 Data sizes:     COMMON   BANK0   BANK1   BANK2   BANK3   BANK4   BANK5   BANK6   BANK7   BANK8   BANK9  BANK10  BANK11  BANK12
      Params:         0       0       5       0       0       0       0       0       0       0       0       0       0       0
      Locals:         0       0      10       0       0       0       0       0       0       0       0       0       0       0
      Temps:          0       0       3       0       0       0       0       0       0       0       0       0       0       0
      Totals:         0       0      18       0       0       0       0       0       0       0       0       0       0       0
Total ram usage:       18 bytes
 Hardware stack levels used:    1
 Hardware stack levels required when called:   12
 This function calls:
		___awdiv
		___wmul
		_printf
 This function is called by:
		_main
 This function uses a non-reentrant model


 *************** function _printf *****************
 Defined at:
		line 5 in file "C:\Program Files\Microchip\xc8\v2.30\pic\sources\c99\common\printf.c"
 Parameters:    Size  Location     Type
  fmt             2   70[BANK0 ] PTR const unsigned char 
		 -> STR_3(24), STR_2(21), STR_1(9), 
 Auto vars:     Size  Location     Type
  ret             2    0        int 
  ap              1    2[BANK1 ] PTR void [1]
		 -> ?_printf(2), 
 Return value:  Size  Location     Type
                  2   70[BANK0 ] int 
 Registers used:
		wreg, fsr0l, fsr0h, fsr1l, fsr1h, status,2, status,0, pclath, cstack
 Tracked objects:
		On entry : 
		On exit  : 
		Unchanged: 
 Data sizes:     COMMON   BANK0   BANK1   BANK2   BANK3   BANK4   BANK5   BANK6   BANK7   BANK8   BANK9  BANK10  BANK11  BANK12
      Params:         0      10       0       0       0       0       0       0       0       0       0       0       0       0
      Locals:         0       0       3       0       0       0       0       0       0       0       0       0       0       0
      Temps:          1       0       0       0       0       0       0       0       0       0       0       0       0       0
      Totals:         1      10       3       0       0       0       0       0       0       0       0       0       0       0
Total ram usage:       14 bytes
 Hardware stack levels used:    1
 Hardware stack levels required when called:   11
 This function calls:
		_vfprintf
 This function is called by:
		_stuffIntToCharsBuf
 This function uses a non-reentrant model


 *************** function _vfprintf *****************
 Defined at:
		line 1390 in file "C:\Program Files\Microchip\xc8\v2.30\pic\sources\c99\common\doprnt.c"
 Parameters:    Size  Location     Type
  fp              1    wreg     PTR struct _IO_FILE
		 -> NULL(0), 
  fmt             2   62[BANK0 ] PTR const unsigned char 
		 -> STR_3(24), STR_2(21), STR_1(9), 
  ap              1   64[BANK0 ] PTR PTR void 
		 -> printf@ap(1), 
 Auto vars:     Size  Location     Type
  fp              1   67[BANK0 ] PTR struct _IO_FILE
		 -> NULL(0), 
  cfmt            2   68[BANK0 ] PTR unsigned char 
		 -> STR_3(24), STR_2(21), STR_1(9), 
 Return value:  Size  Location     Type
                  2   62[BANK0 ] int 
 Registers used:
		wreg, fsr0l, fsr0h, fsr1l, fsr1h, status,2, status,0, pclath, cstack
 Tracked objects:
		On entry : 
		On exit  : 
		Unchanged: 
 Data sizes:     COMMON   BANK0   BANK1   BANK2   BANK3   BANK4   BANK5   BANK6   BANK7   BANK8   BANK9  BANK10  BANK11  BANK12
      Params:         0       3       0       0       0       0       0       0       0       0       0       0       0       0
      Locals:         0       3       0       0       0       0       0       0       0       0       0       0       0       0
      Temps:          0       2       0       0       0       0       0       0       0       0       0       0       0       0
      Totals:         0       8       0       0       0       0       0       0       0       0       0       0       0       0
Total ram usage:        8 bytes
 Hardware stack levels used:    1
 Hardware stack levels required when called:   10
 This function calls:
		_vfpfcnvrt
 This function is called by:
		_printf
 This function uses a non-reentrant model


 *************** function _vfpfcnvrt *****************
 Defined at:
		line 692 in file "C:\Program Files\Microchip\xc8\v2.30\pic\sources\c99\common\doprnt.c"
 Parameters:    Size  Location     Type
  fp              1    wreg     PTR struct _IO_FILE
		 -> NULL(0), 
  fmt             1   46[BANK0 ] PTR PTR unsigned char 
		 -> vfprintf@cfmt(2), 
  ap              1   47[BANK0 ] PTR PTR void 
		 -> printf@ap(1), 
 Auto vars:     Size  Location     Type
  fp              1   61[BANK0 ] PTR struct _IO_FILE
		 -> NULL(0), 
  ll              8   53[BANK0 ] long long 
  llu             8    0        unsigned long long 
  f               4    0        unsigned long long 
  ct              3    0        unsigned char [3]
  vp              2    0        PTR void 
  i               2    0        int 
  done            2    0        int 
  cp              2    0        PTR unsigned char 
  c               1    0        unsigned char 
 Return value:  Size  Location     Type
                  2   46[BANK0 ] int 
 Registers used:
		wreg, fsr0l, fsr0h, fsr1l, fsr1h, status,2, status,0, pclath, cstack
 Tracked objects:
		On entry : 
		On exit  : 
		Unchanged: 
 Data sizes:     COMMON   BANK0   BANK1   BANK2   BANK3   BANK4   BANK5   BANK6   BANK7   BANK8   BANK9  BANK10  BANK11  BANK12
      Params:         0       2       0       0       0       0       0       0       0       0       0       0       0       0
      Locals:         0       9       0       0       0       0       0       0       0       0       0       0       0       0
      Temps:          0       5       0       0       0       0       0       0       0       0       0       0       0       0
      Totals:         0      16       0       0       0       0       0       0       0       0       0       0       0       0
Total ram usage:       16 bytes
 Hardware stack levels used:    1
 Hardware stack levels required when called:    9
 This function calls:
		_dtoa
		_fputc
 This function is called by:
		_vfprintf
 This function uses a non-reentrant model


 *************** function _dtoa *****************
 Defined at:
		line 287 in file "C:\Program Files\Microchip\xc8\v2.30\pic\sources\c99\common\doprnt.c"
 Parameters:    Size  Location     Type
  fp              1    wreg     PTR struct _IO_FILE
		 -> NULL(0), 
  d               8   16[BANK0 ] long long 
 Auto vars:     Size  Location     Type
  fp              1   31[BANK0 ] PTR struct _IO_FILE
		 -> NULL(0), 
  n               8   36[BANK0 ] long long 
  i               2   44[BANK0 ] int 
  s               2   34[BANK0 ] int 
  w               2   32[BANK0 ] int 
  p               2   29[BANK0 ] int 
 Return value:  Size  Location     Type
                  2   16[BANK0 ] int 
 Registers used:
		wreg, fsr1l, fsr1h, status,2, status,0, pclath, cstack
[...]
 Parameters:    Size  Location     Type
		None
 Auto vars:     Size  Location     Type
		None
 Return value:  Size  Location     Type
                  1    wreg      void 
 Registers used:
		wreg, status,2
 Tracked objects:
		On entry : 
		On exit  : 
		Unchanged: 
 Data sizes:     COMMON   BANK0   BANK1   BANK2   BANK3   BANK4   BANK5   BANK6   BANK7   BANK8   BANK9  BANK10  BANK11  BANK12
      Params:         0       0       0       0       0       0       0       0       0       0       0       0       0       0
      Locals:         0       0       0       0       0       0       0       0       0       0       0       0       0       0
      Temps:          0       0       0       0       0       0       0       0       0       0       0       0       0       0
      Totals:         0       0       0       0       0       0       0       0       0       0       0       0       0       0
Total ram usage:        0 bytes
 Hardware stack levels used:    1
 Hardware stack levels required when called:    4
 This function calls:
		Nothing
 This function is called by:
		_SYSTEM_Initialize
 This function uses a non-reentrant model


 *************** function _PWM4_Initialize *****************
 Defined at:
		line 57 in file "mcc_generated_files/pwm4.c"
 Parameters:    Size  Location     Type
		None
 Auto vars:     Size  Location     Type
		None
 Return value:  Size  Location     Type
                  1    wreg      void 
 Registers used:
		wreg, status,2, status,0
 Tracked objects:
		On entry : 
		On exit  : 
		Unchanged: 
 Data sizes:     COMMON   BANK0   BANK1   BANK2   BANK3   BANK4   BANK5   BANK6   BANK7   BANK8   BANK9  BANK10  BANK11  BANK12
      Params:         0       0       0       0       0       0       0       0       0       0       0       0       0       0
      Locals:         0       0       0       0       0       0       0       0       0       0       0       0       0       0
      Temps:          0       0       0       0       0       0       0       0       0       0       0       0       0       0
      Totals:         0       0       0       0       0       0       0       0       0       0       0       0       0       0
Total ram usage:        0 bytes
 Hardware stack levels used:    1
 Hardware stack levels required when called:    4
 This function calls:
		Nothing
 This function is called by:
		_SYSTEM_Initialize
 This function uses a non-reentrant model


 *************** function _PWM3_Initialize *****************
 Defined at:
		line 57 in file "mcc_generated_files/pwm3.c"
 Parameters:    Size  Location     Type
		None
 Auto vars:     Size  Location     Type
		None
 Return value:  Size  Location     Type
                  1    wreg      void 
 Registers used:
		wreg, status,2, status,0
 Tracked objects:
		On entry : 
		On exit  : 
		Unchanged: 
 Data sizes:     COMMON   BANK0   BANK1   BANK2   BANK3   BANK4   BANK5   BANK6   BANK7   BANK8   BANK9  BANK10  BANK11  BANK12
      Params:         0       0       0       0       0       0       0       0       0       0       0       0       0       0
      Locals:         0       0       0       0       0       0       0       0       0       0       0       0       0       0
      Temps:          0       0       0       0       0       0       0       0       0       0       0       0       0       0
      Totals:         0       0       0       0       0       0       0       0       0       0       0       0       0       0
Total ram usage:        0 bytes
 Hardware stack levels used:    1
 Hardware stack levels required when called:    4
 This function calls:
		Nothing
 This function is called by:
		_SYSTEM_Initialize
 This function uses a non-reentrant model


 *************** function _PIN_MANAGER_Initialize *****************
 Defined at:
		line 52 in file "mcc_generated_files/pin_manager.c"
 Parameters:    Size  Location     Type
		None
 Auto vars:     Size  Location     Type
  state           1    0[COMMON] _Bool 
 Return value:  Size  Location     Type
                  1    wreg      void 
 Registers used:
		wreg, status,2, status,0
 Tracked objects:
		On entry : 
		On exit  : 
		Unchanged: 
 Data sizes:     COMMON   BANK0   BANK1   BANK2   BANK3   BANK4   BANK5   BANK6   BANK7   BANK8   BANK9  BANK10  BANK11  BANK12
      Params:         0       0       0       0       0       0       0       0       0       0       0       0       0       0
      Locals:         1       0       0       0       0       0       0       0       0       0       0       0       0       0
      Temps:          0       0       0       0       0       0       0       0       0       0       0       0       0       0
      Totals:         1       0       0       0       0       0       0       0       0       0       0       0       0       0
Total ram usage:        1 bytes
 Hardware stack levels used:    1
 Hardware stack levels required when called:    4
 This function calls:
		Nothing
 This function is called by:
		_SYSTEM_Initialize
 This function uses a non-reentrant model


 *************** function _OSCILLATOR_Initialize *****************
 Defined at:
		line 90 in file "mcc_generated_files/mcc.c"
 Parameters:    Size  Location     Type
		None
 Auto vars:     Size  Location     Type
		None
 Return value:  Size  Location     Type
                  1    wreg      void 
 Registers used:
		wreg, status,2
 Tracked objects:
		On entry : 
		On exit  : 
		Unchanged: 
 Data sizes:     COMMON   BANK0   BANK1   BANK2   BANK3   BANK4   BANK5   BANK6   BANK7   BANK8   BANK9  BANK10  BANK11  BANK12
      Params:         0       0       0       0       0       0       0       0       0       0       0       0       0       0
      Locals:         0       0       0       0       0       0       0       0       0       0       0       0       0       0
      Temps:          0       0       0       0       0       0       0       0       0       0       0       0       0       0
      Totals:         0       0       0       0       0       0       0       0       0       0       0       0       0       0
Total ram usage:        0 bytes
 Hardware stack levels used:    1
 Hardware stack levels required when called:    4
 This function calls:
		Nothing
 This function is called by:
		_SYSTEM_Initialize
 This function uses a non-reentrant model


 *************** function _ADC_Initialize *****************
 Defined at:
		line 64 in file "mcc_generated_files/adc.c"
 Parameters:    Size  Location     Type
		None
 Auto vars:     Size  Location     Type
		None
 Return value:  Size  Location     Type
                  1    wreg      void 
 Registers used:
		wreg, status,2
 Tracked objects:
		On entry : 
		On exit  : 
		Unchanged: 
 Data sizes:     COMMON   BANK0   BANK1   BANK2   BANK3   BANK4   BANK5   BANK6   BANK7   BANK8   BANK9  BANK10  BANK11  BANK12
      Params:         0       0       0       0       0       0       0       0       0       0       0       0       0       0
      Locals:         0       0       0       0       0       0       0       0       0       0       0       0       0       0
      Temps:          0       0       0       0       0       0       0       0       0       0       0       0       0       0
      Totals:         0       0       0       0       0       0       0       0       0       0       0       0       0       0
Total ram usage:        0 bytes
 Hardware stack levels used:    1
 Hardware stack levels required when called:    4
 This function calls:
		Nothing
 This function is called by:
		_SYSTEM_Initialize
 This function uses a non-reentrant model


 *************** function _ADC_GetConversion *****************
 Defined at:
		line 112 in file "mcc_generated_files/adc.c"
 Parameters:    Size  Location     Type
  channel         1    wreg     enum E9639
 Auto vars:     Size  Location     Type
  channel         1    3[COMMON] enum E9639
 Return value:  Size  Location     Type
                  2    0[COMMON] unsigned short 
 Registers used:
		wreg, status,2, status,0
 Tracked objects:
		On entry : 
		On exit  : 
		Unchanged: 
 Data sizes:     COMMON   BANK0   BANK1   BANK2   BANK3   BANK4   BANK5   BANK6   BANK7   BANK8   BANK9  BANK10  BANK11  BANK12
      Params:         2       0       0       0       0       0       0       0       0       0       0       0       0       0
      Locals:         1       0       0       0       0       0       0       0       0       0       0       0       0       0
      Temps:          1       0       0       0       0       0       0       0       0       0       0       0       0       0
      Totals:         4       0       0       0       0       0       0       0       0       0       0       0       0       0
Total ram usage:        4 bytes
 Hardware stack levels used:    1
 Hardware stack levels required when called:    4
 This function calls:
		Nothing
 This function is called by:
		_main
		_printADCValues
 This function uses a non-reentrant model


 *************** function _INTERRUPT_InterruptManager *****************
 Defined at:
		line 51 in file "mcc_generated_files/interrupt_manager.c"
 Parameters:    Size  Location     Type
		None
 Auto vars:     Size  Location     Type
		None
 Return value:  Size  Location     Type
                  1    wreg      void 
 Registers used:
		wreg, status,2, status,0, pclath, cstack
 Tracked objects:
		On entry : 
		On exit  : 
		Unchanged: 
 Data sizes:     COMMON   BANK0   BANK1   BANK2   BANK3   BANK4   BANK5   BANK6   BANK7   BANK8   BANK9  BANK10  BANK11  BANK12
      Params:         0       0       0       0       0       0       0       0       0       0       0       0       0       0
      Locals:         0       0       0       0       0       0       0       0       0       0       0       0       0       0
      Temps:          0       0       0       0       0       0       0       0       0       0       0       0       0       0
      Totals:         0       0       0       0       0       0       0       0       0       0       0       0       0       0
Total ram usage:        0 bytes
 Hardware stack levels used:    1
 Hardware stack levels required when called:    3
 This function calls:
		_TMR4_ISR
 This function is called by:
		Interrupt level 1
 This function uses a non-reentrant model


 *************** function _TMR4_ISR *****************
 Defined at:
		line 167 in file "mcc_generated_files/tmr4.c"
 Parameters:    Size  Location     Type
		None
 Auto vars:     Size  Location     Type
		None
 Return value:  Size  Location     Type
                  1    wreg      void 
 Registers used:
		wreg, status,2, status,0, pclath, cstack
 Tracked objects:
		On entry : 
		On exit  : 
		Unchanged: 
 Data sizes:     COMMON   BANK0   BANK1   BANK2   BANK3   BANK4   BANK5   BANK6   BANK7   BANK8   BANK9  BANK10  BANK11  BANK12
      Params:         0       0       0       0       0       0       0       0       0       0       0       0       0       0
      Locals:         0       0       0       0       0       0       0       0       0       0       0       0       0       0
      Temps:          0       0       0       0       0       0       0       0       0       0       0       0       0       0
      Totals:         0       0       0       0       0       0       0       0       0       0       0       0       0       0
Total ram usage:        0 bytes
 Hardware stack levels used:    1
 Hardware stack levels required when called:    2
 This function calls:
		_TMR4_CallBack
 This function is called by:
		_INTERRUPT_InterruptManager
 This function uses a non-reentrant model


 *************** function _TMR4_CallBack *****************
 Defined at:
		line 178 in file "mcc_generated_files/tmr4.c"
 Parameters:    Size  Location     Type
		None
 Auto vars:     Size  Location     Type
		None
 Return value:  Size  Location     Type
                  1    wreg      void 
 Registers used:
		wreg, status,2, status,0, pclath, cstack
 Tracked objects:
		On entry : 
		On exit  : 
		Unchanged: 
 Data sizes:     COMMON   BANK0   BANK1   BANK2   BANK3   BANK4   BANK5   BANK6   BANK7   BANK8   BANK9  BANK10  BANK11  BANK12
      Params:         0       0       0       0       0       0       0       0       0       0       0       0       0       0
      Locals:         0       0       0       0       0       0       0       0       0       0       0       0       0       0
      Temps:          0       0       0       0       0       0       0       0       0       0       0       0       0       0
      Totals:         0       0       0       0       0       0       0       0       0       0       0       0       0       0
Total ram usage:        0 bytes
 Hardware stack levels used:    1
 Hardware stack levels required when called:    1
 This function calls:
		Absolute function
		_TMR4_DefaultInterruptHandler
 This function is called by:
		_TMR4_ISR
 This function uses a non-reentrant model


 *************** function _TMR4_DefaultInterruptHandler *****************
 Defined at:
		line 192 in file "mcc_generated_files/tmr4.c"
 Parameters:    Size  Location     Type
		None
 Auto vars:     Size  Location     Type
		None
 Return value:  Size  Location     Type
                  1    wreg      void 
 Registers used:
		None
 Tracked objects:
		On entry : 
		On exit  : 
		Unchanged: 
 Data sizes:     COMMON   BANK0   BANK1   BANK2   BANK3   BANK4   BANK5   BANK6   BANK7   BANK8   BANK9  BANK10  BANK11  BANK12
      Params:         0       0       0       0       0       0       0       0       0       0       0       0       0       0
      Locals:         0       0       0       0       0       0       0       0       0       0       0       0       0       0
      Temps:          0       0       0       0       0       0       0       0       0       0       0       0       0       0
      Totals:         0       0       0       0       0       0       0       0       0       0       0       0       0       0
Total ram usage:        0 bytes
 Hardware stack levels used:    1
 This function calls:
		Nothing
 This function is called by:
		_TMR4_Initialize
		_TMR4_CallBack
 This function uses a non-reentrant model



MODULE INFORMATION

Module		Function		Class		Link	Load	Size
C:\Program Files\Microchip\xc8\v2.30\pic\sources\c99\common\aomod.c
		___aomod       		CODE           	0E15	0000	234

C:\Program Files\Microchip\xc8\v2.30\pic\sources\c99\common\aomod.c estimated size: 234

C:\Program Files\Microchip\xc8\v2.30\pic\sources\c99\common\sprcmul.c
		___flmul       		CODE           	0067	0000	599

C:\Program Files\Microchip\xc8\v2.30\pic\sources\c99\common\sprcmul.c estimated size: 599

C:\Program Files\Microchip\xc8\v2.30\pic\sources\c99\common\abs.c
		_abs           		CODE           	16DC	0000	26

C:\Program Files\Microchip\xc8\v2.30\pic\sources\c99\common\abs.c estimated size: 26

C:\Program Files\Microchip\xc8\v2.30\pic\sources\c99\common\doprnt.c
		_vfpfcnvrt     		CODE           	0D3A	0000	219
		_pad           		CODE           	0A2C	0000	89
		_dtoa          		CODE           	04DD	0000	368
		_vfprintf      		CODE           	081D	0000	49

C:\Program Files\Microchip\xc8\v2.30\pic\sources\c99\common\doprnt.c estimated size: 725

C:\Program Files\Microchip\xc8\v2.30\pic\sources\c99\common\putch.c
		_putch         		CODE           	0003	0000	1

C:\Program Files\Microchip\xc8\v2.30\pic\sources\c99\common\putch.c estimated size: 1

mcc_generated_files/tmr4.c
		_TMR4_ISR      		CODE           	15FC	0000	6
		_TMR4_Initialize		CODE           	16C3	0000	25
		_TMR4_Start    		CODE           	15F4	0000	3
		_TMR4_SetInterruptHandler		CODE           	1608	0000	6
		_TMR4_DefaultInterruptHandler		CODE           	0002	0000	1
		_TMR4_CallBack 		CODE           	1636	0000	13

mcc_generated_files/tmr4.c estimated size: 54

mcc_generated_files/pwm4.c
		_PWM4_Initialize		CODE           	07F7	0000	9
		_PWM4_LoadDutyValue		CODE           	16AD	0000	22

mcc_generated_files/pwm4.c estimated size: 31

C:\Program Files\Microchip\xc8\v2.30\pic\sources\c99\common\nf_fputs.c
		_fputs         		CODE           	17AB	0000	41

C:\Program Files\Microchip\xc8\v2.30\pic\sources\c99\common\nf_fputs.c estimated size: 41

mcc_generated_files/tmr2.c
		_TMR2_Initialize		CODE           	1643	0000	13
		_TMR2_Start    		CODE           	15F1	0000	3

mcc_generated_files/tmr2.c estimated size: 16

mcc_generated_files/interrupt_manager.c
		_INTERRUPT_InterruptManager		CODE           	0004	0000	21

mcc_generated_files/interrupt_manager.c estimated size: 21

C:\Program Files\Microchip\xc8\v2.30\pic\sources\c99\common\Umul16.c
		___wmul        		CODE           	1747	0000	31

C:\Program Files\Microchip\xc8\v2.30\pic\sources\c99\common\Umul16.c estimated size: 31

C:\Program Files\Microchip\xc8\v2.30\pic\sources\c99\common\Umul8_16.c
		__Umul8_16     		CODE           	1788	0000	35

C:\Program Files\Microchip\xc8\v2.30\pic\sources\c99\common\Umul8_16.c estimated size: 35

mcc_generated_files/pin_manager.c
		_PIN_MANAGER_Initialize		CODE           	093C	0000	72

mcc_generated_files/pin_manager.c estimated size: 72

C:\Program Files\Microchip\xc8\v2.30\pic\sources\c99\common\aodiv.c
		___aodiv       		CODE           	0EFF	0000	257

C:\Program Files\Microchip\xc8\v2.30\pic\sources\c99\common\aodiv.c estimated size: 257

mcc_generated_files/adc.c
		_ADC_Initialize		CODE           	161A	0000	9
		_ADC_GetConversion		CODE           	1710	0000	27

mcc_generated_files/adc.c estimated size: 36

C:\Program Files\Microchip\xc8\v2.30\pic\sources\c99\common\awdiv.c
		___awdiv       		CODE           	0B98	0000	95

C:\Program Files\Microchip\xc8\v2.30\pic\sources\c99\common\awdiv.c estimated size: 95

C:\Program Files\Microchip\xc8\v2.30\pic\sources\c99\common\fltol.c
		___fltol       		CODE           	0783	0000	116

C:\Program Files\Microchip\xc8\v2.30\pic\sources\c99\common\fltol.c estimated size: 116

mcc_generated_files/spi.c
		_spi_write     		CODE           	1650	0000	14
		_spi_transfer  		CODE           	162C	0000	10
		_SPI_Initialize		CODE           	1602	0000	6

mcc_generated_files/spi.c estimated size: 30

C:\Program Files\Microchip\xc8\v2.30\pic\sources\c99\common\xxtofl.c
		___xxtofl      		CODE           	0C8E	0000	172

C:\Program Files\Microchip\xc8\v2.30\pic\sources\c99\common\xxtofl.c estimated size: 172

C:\Program Files\Microchip\xc8\v2.30\pic\sources\c99\common\printf.c
		_printf        		CODE           	166F	0000	19

C:\Program Files\Microchip\xc8\v2.30\pic\sources\c99\common\printf.c estimated size: 19

shared
		__initialization		CODE           	001B	0000	72

shared estimated size: 72

C:\Program Files\Microchip\xc8\v2.30\pic\sources\c99\common\nf_fputc.c
		_fputc         		CODE           	08B9	0000	63

C:\Program Files\Microchip\xc8\v2.30\pic\sources\c99\common\nf_fputc.c estimated size: 63

max31855.c
		_getTemp_TC    		CODE           	09D8	0000	84
		_readRawData   		CODE           	0B3B	0000	93
		_getFaultCodes 		CODE           	1682	0000	21
		_getDieTemp    		CODE           	0984	0000	84

max31855.c estimated size: 282

mcc_generated_files/mcc.c
		_OSCILLATOR_Initialize		CODE           	15F7	0000	5
		_SYSTEM_Initialize		CODE           	172B	0000	28

mcc_generated_files/mcc.c estimated size: 33

C:\Program Files\Microchip\xc8\v2.30\pic\sources\c99\common\strlen.c
		_strlen        		CODE           	16F6	0000	26

C:\Program Files\Microchip\xc8\v2.30\pic\sources\c99\common\strlen.c estimated size: 26

mcc_generated_files/pwm3.c
		_PWM3_Initialize		CODE           	1623	0000	9
		_PWM3_LoadDutyValue		CODE           	1697	0000	22

mcc_generated_files/pwm3.c estimated size: 31

main.c
		_initDisplay   		CODE           	17D4	0000	44
		_initOLED      		CODE           	0BF7	0000	151
		_main          		CODE           	02BE	0000	543
		_stuffIntToCharsBuf		CODE           	064D	0000	310
		_dataCMD       		CODE           	0AE0	0000	91
		_reportfault   		CODE           	0881	0000	56
		_setMotorSpeed 		CODE           	0801	0000	28
		_command       		CODE           	0A85	0000	91

main.c estimated size: 1314

