Microchip MPLAB XC8 Compiler V2.30

Linker command line:

-W-3 --edf=C:\Program Files\Microchip\xc8\v2.30\pic\dat\en_msgs.txt -cn \
  -h+dist/default/production\K_Type_PID.X.production.sym \
  --cmf=dist/default/production\K_Type_PID.X.production.cmf -z -Q16F1619 \
  -oC:\Users\johns\AppData\Local\Temp\sq4x2 --defsym=__MPLAB_BUILD=1 \
  -Mdist/default/production/K_Type_PID.X.production.map -E1 \
  -ver=XC8 Compiler --acfsm=1493 -ASTACK=021B0h-023EFh -pstack=STACK \
  -ACODE=00h-07FFhx4 -ASTRCODE=00h-01FFFh -ASTRING=00h-0FFhx32 \
  -ACONST=00h-0FFhx32 -AENTRY=00h-0FFhx32 -ACOMMON=070h-07Fh \
  -ABANK0=020h-06Fh -ABANK1=0A0h-0EFh -ABANK2=0120h-016Fh \
  -ABANK3=01A0h-01EFh -ABANK4=0220h-026Fh -ABANK5=02A0h-02EFh \
  -ABANK6=0320h-036Fh -ABANK7=03A0h-03EFh -ABANK8=0420h-046Fh \
  -ABANK9=04A0h-04EFh -ABANK10=0520h-056Fh -ABANK11=05A0h-05EFh \
  -ABANK12=0620h-064Fh -ABIGRAM=02000h-023EFh \
  -ARAM=020h-06Fh,0A0h-0EFh,0120h-016Fh,01A0h-01EFh,0220h-026Fh,02A0h-02EFh,0320h-036Fh,03A0h-03EFh,0420h-046Fh,04A0h-04EFh,0520h-056Fh,05A0h-05EFh,0620h-064Fh \
  -AABS1=020h-07Fh,0A0h-0EFh,0120h-016Fh,01A0h-01EFh,0220h-026Fh,02A0h-02EFh,0320h-036Fh,03A0h-03EFh,0420h-046Fh,04A0h-04EFh,0520h-056Fh,05A0h-05EFh,0620h-064Fh \
  -ASFR0=00h-01Fh -ASFR1=080h-09Fh -ASFR2=0100h-011Fh -ASFR3=0180h-019Fh \
  -ASFR4=0200h-021Fh -ASFR5=0280h-029Fh -ASFR6=0300h-031Fh \
  -ASFR7=0380h-039Fh -ASFR8=0400h-041Fh -ASFR9=0480h-049Fh \
  -ASFR10=0500h-051Fh -ASFR11=0580h-059Fh -ASFR12=0600h-061Fh \
  -ASFR13=0680h-06EFh -ASFR14=0700h-076Fh -ASFR15=0780h-07EFh \
  -ASFR16=0800h-086Fh -ASFR17=0880h-08EFh -ASFR18=0900h-096Fh \
  -ASFR19=0980h-09EFh -ASFR20=0A00h-0A6Fh -ASFR21=0A80h-0AEFh \
  -ASFR22=0B00h-0B6Fh -ASFR23=0B80h-0BEFh -ASFR24=0C00h-0C6Fh \
  -ASFR25=0C80h-0CEFh -ASFR26=0D00h-0D6Fh -ASFR27=0D80h-0DEFh \
  -ASFR28=0E00h-0E6Fh -ASFR29=0E80h-0EEFh -ASFR30=0F00h-0F6Fh \
  -ASFR31=0F80h-0FEFh -ACONFIG=08007h-08009h -DCONFIG=2 \
  -AIDLOC=08000h-08003h -DIDLOC=2 -DCODE=2 -DSTRCODE=2 -DSTRING=2 -DCONST=2 \
  -DENTRY=2 -preset_vec=00h,intentry=04h,init,end_init -ppowerup=CODE \
  -pcinit=CODE -pfunctab=ENTRY -k C:\Users\johns\AppData\Local\Temp\sq4xg.o \
  dist/default/production\K_Type_PID.X.production.o 

Object code version is 3.11

Machine type is 16F1619



                Name                               Link     Load   Length Selector   Space Scale
C:\Users\johns\AppData\Local\Temp\sq4xg.o
                end_init                             19       19        2        8       0
                reset_vec                             0        0        2        0       0
                config                             8007     8007        3        0       4
dist/default/production\K_Type_PID.X.production.o
                cinit                                1B       1B       4C        8       0
                intentry                              4        4       15        8       0
                config                             8007     8007        3        0       4
                text47                                2        2        1        0       0
                text46                             16D5     16D5        D     2DAA       0
                text45                             1698     1698        6     2D30       0
                text43                             1784     1784       1B     2F08       0
                text42                             16B0     16B0        9     2D60       0
                text41                             1693     1693        5     2D26       0
                text40                              96C      96C       48     12D8       0
                text39                             16B9     16B9        9     2D72       0
                text38                             16C2     16C2        9     2D84       0
                text37                             169E     169E        6     2D3C       0
                text36                             168D     168D        3     2D1A       0
                text35                             16E2     16E2        D     2DC4       0
                text34                             16A4     16A4        6     2D48       0
                text33                             1690     1690        3     2D20       0
                text32                             1737     1737       19     2E6E       0
                text31                             16EF     16EF        E     2DDE       0
                text30                              A56      A56       5B     14AC       0
                text29                              AB1      AB1       5B     1562       0
                text28                              C3C      C3C       97     1878       0
                text27                              826      826       2C     104C       0
                text26                             179F     179F       1C     2F3E       0
                text25                              BC8      BC8       74     1790       0
                text24                              2A6      2A6      1B4        8       0
                text23                              D78      D78       AC     1AF0       0
                text22                              9B4      9B4       49     1368       0
                text21                              CD3      CD3       A5     19A6       0
                text20                             1721     1721       16     2E42       0
                text19                              7EA      7EA       16        8       0
                text18                             17BB     17BB       1C     2F76       0
                text17                             16CB     16CB        A     2D96       0
                text16                              B0C      B0C       5D     1618       0
                text15                              B69      B69       5F     16D2       0
                text14                              807      807       1F     100E       0
                text13                              EFF      EFF      101     1DFE       0
                text12                              700      700       EA        8       0
                text11                             1750     1750       1A     2EA0       0
                text10                                3        3        1        6       0
                text9                               8E9      8E9       3F     11D2       0
                text8                              17D7     17D7       29     2FAE       0
                text7                              176A     176A       1A     2ED4       0
                text6                               9FD      9FD       59     13FA       0
                text5                               45A      45A      170        8       0
                text4                               E24      E24       DB     1C48       0
                text3                               852      852       31     10A4       0
                text2                              170E     170E       13     2E1C       0
                text1                               5CA      5CA      136        8       0
                maintext                             67       67      23F        8       0
                cstackBANK0                          20       20       50       20       1
                cstackCOMMON                         70       70        E       70       1
                cstackBANK1                          A0       A0       23       A0       1
                clrtext                            16AA     16AA        6     2D54       0
                inittext                            801      801        6     1002       0
                bssBANK5                            2A0      2A0       20      2A0       1
                dataBANK4                           220      220       33      220       1
                dataBANK3                           1A0      1A0       33      1A0       1
                bssBANK3                            1D3      1D3       10      1A0       1
                dataBANK2                           120      120       44      120       1
                dataBANK1                            DB       DB       11       A0       1
                bssBANK1                             C3       C3       18       A0       1
                stringtext3                        182D     182D        9     3000       0
                stringtext2                        1818     1818       15     3000       0
                stringtext1                        1800     1800       18     3000       0
                idataBANK4                          883      883       33     1106       0
                idataBANK3                          8B6      8B6       33     116C       0
                idataBANK2                          928      928       44     1250       0
                idataBANK1                         16FD     16FD       11     2DFA       0

TOTAL           Name                               Link     Load   Length     Space
        CLASS   STACK          

        CLASS   CODE           
                end_init                             19       19        2         0
                cinit                                1B       1B       4C         0
                intentry                              4        4       15         0
                reset_vec                             0        0        2         0
                text47                                2        2        1         0
                text46                             16D5     16D5        D         0
                text45                             1698     1698        6         0
                text43                             1784     1784       1B         0
                text42                             16B0     16B0        9         0
                text41                             1693     1693        5         0
                text40                              96C      96C       48         0
                text39                             16B9     16B9        9         0
                text38                             16C2     16C2        9         0
                text37                             169E     169E        6         0
                text36                             168D     168D        3         0
                text35                             16E2     16E2        D         0
                text34                             16A4     16A4        6         0
                text33                             1690     1690        3         0
                text32                             1737     1737       19         0
                text31                             16EF     16EF        E         0
                text30                              A56      A56       5B         0
                text29                              AB1      AB1       5B         0
                text28                              C3C      C3C       97         0
                text27                              826      826       2C         0
                text26                             179F     179F       1C         0
                text25                              BC8      BC8       74         0
                text24                              2A6      2A6      1B4         0
                text23                              D78      D78       AC         0
                text22                              9B4      9B4       49         0
                text21                              CD3      CD3       A5         0
                text20                             1721     1721       16         0
                text19                              7EA      7EA       16         0
                text18                             17BB     17BB       1C         0
                text17                             16CB     16CB        A         0
                text16                              B0C      B0C       5D         0
                text15                              B69      B69       5F         0
                text14                              807      807       1F         0
                text13                              EFF      EFF      101         0
                text12                              700      700       EA         0
                text11                             1750     1750       1A         0
                text10                                3        3        1         0
                text9                               8E9      8E9       3F         0
                text8                              17D7     17D7       29         0
                text7                              176A     176A       1A         0
                text6                               9FD      9FD       59         0
                text5                               45A      45A      170         0
                text4                               E24      E24       DB         0
                text3                               852      852       31         0
                text2                              170E     170E       13         0
                text1                               5CA      5CA      136         0
                maintext                             67       67      23F         0
                clrtext                            16AA     16AA        6         0
                inittext                            801      801        6         0
                idataBANK4                          883      883       33         0
                idataBANK3                          8B6      8B6       33         0
                idataBANK2                          928      928       44         0
                idataBANK1                         16FD     16FD       11         0

        CLASS   STRCODE        
                stringtext3                        182D     182D        9         0
                stringtext2                        1818     1818       15         0
                stringtext1                        1800     1800       18         0

        CLASS   STRING         

        CLASS   CONST          

        CLASS   ENTRY          

        CLASS   COMMON         
                cstackCOMMON                         70       70        E         1

        CLASS   BANK0          
                cstackBANK0                          20       20       50         1

        CLASS   BANK1          
                cstackBANK1                          A0       A0       23         1
                dataBANK1                            DB       DB       11         1
                bssBANK1                             C3       C3       18         1

        CLASS   BANK2          
                dataBANK2                           120      120       44         1

        CLASS   BANK3          
                dataBANK3                           1A0      1A0       33         1
                bssBANK3                            1D3      1D3       10         1

        CLASS   BANK4          
                dataBANK4                           220      220       33         1

        CLASS   BANK5          
                bssBANK5                            2A0      2A0       20         1

        CLASS   BANK6          

        CLASS   BANK7          

        CLASS   BANK8          

        CLASS   BANK9          

        CLASS   BANK10         

        CLASS   BANK11         

        CLASS   BANK12         

        CLASS   BIGRAM         

        CLASS   RAM            

        CLASS   ABS1           
                abs_s1                               7E       7E        2         1

        CLASS   SFR0           

        CLASS   SFR1           

        CLASS   SFR2           

        CLASS   SFR3           

        CLASS   SFR4           

        CLASS   SFR5           

        CLASS   SFR6           

        CLASS   SFR7           

        CLASS   SFR8           

        CLASS   SFR9           

        CLASS   SFR10          

        CLASS   SFR11          

        CLASS   SFR12          

        CLASS   SFR13          

        CLASS   SFR14          

        CLASS   SFR15          

        CLASS   SFR16          

        CLASS   SFR17          

        CLASS   SFR18          

        CLASS   SFR19          

        CLASS   SFR20          

        CLASS   SFR21          

        CLASS   SFR22          

        CLASS   SFR23          

        CLASS   SFR24          

        CLASS   SFR25          

        CLASS   SFR26          

        CLASS   SFR27          

        CLASS   SFR28          

        CLASS   SFR29          

        CLASS   SFR30          

        CLASS   SFR31          

        CLASS   CONFIG         
                config                             8007     8007        3         4

        CLASS   IDLOC          

        CLASS   BANK31         

        CLASS   BANK30         

        CLASS   BANK29         

        CLASS   BANK28         

        CLASS   BANK27         

        CLASS   BANK26         

        CLASS   BANK25         

        CLASS   BANK24         

        CLASS   BANK23         

        CLASS   BANK22         

        CLASS   BANK21         

        CLASS   BANK20         

        CLASS   BANK19         

        CLASS   BANK18         

        CLASS   BANK17         

        CLASS   BANK16         

        CLASS   BANK15         

        CLASS   BANK14         

        CLASS   BANK13         

        CLASS   EEDATA         



SEGMENTS        Name                           Load    Length   Top    Selector   Space  Class     Delta

                reset_vec                      000000  000003  000003         0       0  CODE        2
                text10                         000003  000001  000004         6       0  CODE        2
                intentry                       000004  0007FC  000800         8       0  CODE        2
                cstackBANK0                    000020  000050  000070        20       1  BANK0       1
                cstackCOMMON                   000070  00000E  00007E        70       1  COMMON      1
                cstackBANK1                    0000A0  00004C  0000EC        A0       1  BANK1       1
                dataBANK2                      000120  000044  000164       120       1  BANK2       1
                dataBANK3                      0001A0  000043  0001E3       1A0       1  BANK3       1
                dataBANK4                      000220  000033  000253       220       1  BANK4       1
                bssBANK5                       0002A0  000020  0002C0       2A0       1  BANK5       1
                inittext                       000801  000006  000807      1002       0  CODE        2
                text14                         000807  00001F  000826      100E       0  CODE        2
                text27                         000826  00002C  000852      104C       0  CODE        2
                text3                          000852  000031  000883      10A4       0  CODE        2
                idataBANK4                     000883  000033  0008B6      1106       0  CODE        2
                idataBANK3                     0008B6  000033  0008E9      116C       0  CODE        2
                text9                          0008E9  00003F  000928      11D2       0  CODE        2
                idataBANK2                     000928  000044  00096C      1250       0  CODE        2
                text40                         00096C  000048  0009B4      12D8       0  CODE        2
                text22                         0009B4  000049  0009FD      1368       0  CODE        2
                text6                          0009FD  000059  000A56      13FA       0  CODE        2
                text30                         000A56  00005B  000AB1      14AC       0  CODE        2
                text29                         000AB1  00005B  000B0C      1562       0  CODE        2
                text16                         000B0C  00005D  000B69      1618       0  CODE        2
                text15                         000B69  00005F  000BC8      16D2       0  CODE        2
                text25                         000BC8  000074  000C3C      1790       0  CODE        2
                text28                         000C3C  000097  000CD3      1878       0  CODE        2
                text21                         000CD3  0000A5  000D78      19A6       0  CODE        2
                text23                         000D78  0000AC  000E24      1AF0       0  CODE        2
                text4                          000E24  0000DB  000EFF      1C48       0  CODE        2
                text13                         000EFF  000101  001000      1DFE       0  CODE        2
                text36                         00168D  000003  001690      2D1A       0  CODE        2
                text33                         001690  000003  001693      2D20       0  CODE        2
                text41                         001693  000005  001698      2D26       0  CODE        2
                text45                         001698  000006  00169E      2D30       0  CODE        2
                text37                         00169E  000006  0016A4      2D3C       0  CODE        2
                text34                         0016A4  000006  0016AA      2D48       0  CODE        2
                clrtext                        0016AA  000006  0016B0      2D54       0  CODE        2
                text42                         0016B0  000009  0016B9      2D60       0  CODE        2
                text39                         0016B9  000009  0016C2      2D72       0  CODE        2
                text38                         0016C2  000009  0016CB      2D84       0  CODE        2
                text17                         0016CB  00000A  0016D5      2D96       0  CODE        2
                text46                         0016D5  00000D  0016E2      2DAA       0  CODE        2
                text35                         0016E2  00000D  0016EF      2DC4       0  CODE        2
                text31                         0016EF  00000E  0016FD      2DDE       0  CODE        2
                idataBANK1                     0016FD  000011  00170E      2DFA       0  CODE        2
                text2                          00170E  000013  001721      2E1C       0  CODE        2
                text20                         001721  000016  001737      2E42       0  CODE        2
                text32                         001737  000019  001750      2E6E       0  CODE        2
                text11                         001750  00001A  00176A      2EA0       0  CODE        2
                text7                          00176A  00001A  001784      2ED4       0  CODE        2
                text43                         001784  00001B  00179F      2F08       0  CODE        2
                text26                         00179F  00001C  0017BB      2F3E       0  CODE        2
                text18                         0017BB  00001C  0017D7      2F76       0  CODE        2
                text8                          0017D7  000029  001800      2FAE       0  CODE        2
                stringtext1                    001800  000036  001836      3000       0  STRCODE     2


UNUSED ADDRESS RANGES

        Name                Unused          Largest block    Delta
        BANK1            000EC-000EF               4           1
        BANK10           00520-0056F              50           1
        BANK11           005A0-005EF              50           1
        BANK12           00620-0064F              30           1
        BANK2            00164-0016F               C           1
        BANK3            001E3-001EF               D           1
        BANK4            00253-0026F              1D           1
        BANK5            002C0-002EF              30           1
        BANK6            00320-0036F              50           1
        BANK7            003A0-003EF              50           1
        BANK8            00420-0046F              50           1
        BANK9            004A0-004EF              50           1
        BIGRAM           02000-023EF             3F0           1
        CODE             00800-00800               1           2
                         01000-0168C             68D
                         01836-01FFF             7CA
        CONST            00800-00800               1           2
                         01000-0168C             100
                         01836-01FFF             100
        ENTRY            00800-00800               1           2
                         01000-0168C             100
                         01836-01FFF             100
        IDLOC            08000-08003               4           2
        RAM              000EC-000EF               4           1
                         00164-0016F               C
                         001E3-001EF               D
                         00253-0026F              1D
                         002C0-002EF              30
                         00320-0036F              50
                         003A0-003EF              50
                         00420-0046F              50
                         004A0-004EF              50
                         00520-0056F              50
                         005A0-005EF              50
                         00620-0064F              30
        SFR0             00000-0001F              20           1
        SFR1             00080-0009F              20           1
        SFR10            00500-0051F              20           1
        SFR11            00580-0059F              20           1
        SFR12            00600-0061F              20           1
        SFR13            00680-006EF              70           1
        SFR14            00700-0076F              70           1
        SFR15            00780-007EF              70           1
        SFR16            00800-0086F              70           1
        SFR17            00880-008EF              70           1
        SFR18            00900-0096F              70           1
        SFR19            00980-009EF              70           1
        SFR2             00100-0011F              20           1
        SFR20            00A00-00A6F              70           1
        SFR21            00A80-00AEF              70           1
        SFR22            00B00-00B6F              70           1
        SFR23            00B80-00BEF              70           1
        SFR24            00C00-00C6F              70           1
        SFR25            00C80-00CEF              70           1
        SFR26            00D00-00D6F              70           1
        SFR27            00D80-00DEF              70           1
        SFR28            00E00-00E6F              70           1
        SFR29            00E80-00EEF              70           1
        SFR3             00180-0019F              20           1
        SFR30            00F00-00F6F              70           1
        SFR31            00F80-00FEF              70           1
        SFR4             00200-0021F              20           1
        SFR5             00280-0029F              20           1
        SFR6             00300-0031F              20           1
        SFR7             00380-0039F              20           1
        SFR8             00400-0041F              20           1
        SFR9             00480-0049F              20           1
        STACK            021B0-023EF             240           1
        STRCODE          00800-00800               1           2
                         01000-0168C             68D
                         01836-01FFF             7CA
        STRING           00800-00800               1           2
                         01000-0168C             100
                         01836-01FFF             100

                                  Symbol Table

?_ADC_GetConversion                       cstackCOMMON 00070
?___aodiv                                 cstackBANK0  00020
?___aomod                                 cstackBANK0  00020
?___awdiv                                 cstackCOMMON 00070
?___fldiv                                 cstackBANK0  00020
?___fltol                                 cstackCOMMON 00070
?___wmul                                  cstackCOMMON 00070
?___xxtofl                                cstackCOMMON 00070
?_abs                                     cstackCOMMON 00073
?_convert14BitToFloat                     cstackBANK0  0003A
?_dtoa                                    cstackBANK0  00030
?_pad                                     cstackBANK0  00024
?_printf                                  cstackBANK0  00066
?_spi_read_32bits                         cstackCOMMON 00071
?_strlen                                  cstackCOMMON 00070
?_vfpfcnvrt                               cstackBANK0  0004E
?_vfprintf                                cstackBANK0  0005E
ADC_GetConversion@channel                 cstackCOMMON 00073
PIN_MANAGER_Initialize@state              cstackCOMMON 00070
PWM3_LoadDutyValue@dutyValue              cstackCOMMON 00070
PWM4_LoadDutyValue@dutyValue              cstackCOMMON 00070
TMR4_SetInterruptHandler@InterruptHandler cstackCOMMON 00070
_ADCON0                                   (abs)        0009D
_ADCON0bits                               (abs)        0009D
_ADCON1                                   (abs)        0009E
_ADCON2                                   (abs)        0009F
_ADC_GetConversion                        text43       01784
_ADC_Initialize                           text42       016B0
_ADRESH                                   (abs)        0009C
_ADRESL                                   (abs)        0009B
_ANSELA                                   (abs)        0018C
_ANSELB                                   (abs)        0018D
_ANSELC                                   (abs)        0018E
_BF                                       (abs)        010A0
_CCPTMRSbits                              (abs)        0029E
_GIE                                      (abs)        0005F
_INTCONbits                               (abs)        0000B
_INTERRUPT_InterruptManager               intentry     00004
_LATA                                     (abs)        0010C
_LATB                                     (abs)        0010D
_LATB7                                    (abs)        0086F
_LATC                                     (abs)        0010E
_LATC6                                    (abs)        00876
_LATC7                                    (abs)        00877
_ODCONA                                   (abs)        0028C
_ODCONB                                   (abs)        0028D
_ODCONC                                   (abs)        0028E
_OPTION_REGbits                           (abs)        00095
_OSCCON                                   (abs)        00099
_OSCILLATOR_Initialize                    text41       01693
_OSCTUNE                                  (abs)        00098
_PIE2bits                                 (abs)        00091
_PIN_MANAGER_Initialize                   text40       0096C
_PIR1bits                                 (abs)        00010
_PIR2bits                                 (abs)        00011
_PPSLOCK                                  (abs)        00E0F
_PPSLOCKbits                              (abs)        00E0F
_PR2                                      (abs)        0001B
_PR4                                      (abs)        00414
_PWM3CON                                  (abs)        00619
_PWM3DCH                                  (abs)        00618
_PWM3DCL                                  (abs)        00617
_PWM3_Initialize                          text39       016B9
_PWM3_LoadDutyValue                       text20       01721
_PWM4CON                                  (abs)        0061C
_PWM4DCH                                  (abs)        0061B
_PWM4DCL                                  (abs)        0061A
_PWM4_Initialize                          text38       016C2
_PWM4_LoadDutyValue                       text19       007EA
_RB5PPS                                   (abs)        00E9D
_RB6PPS                                   (abs)        00E9E
_RC0PPS                                   (abs)        00EA0
_RC1PPS                                   (abs)        00EA1
_SPI_Initialize                           text37       0169E
_SSP1ADD                                  (abs)        00212
_SSP1BUF                                  (abs)        00211
_SSP1CON1                                 (abs)        00215
_SSP1STAT                                 (abs)        00214
_SSP1STATbits                             (abs)        00214
_SSPBUF                                   (abs)        00211
_SSPCLKPPS                                (abs)        00E20
_SSPDATPPS                                (abs)        00E21
_SYSTEM_Initialize                        text26       0179F
_T2CLKCON                                 (abs)        0001E
_T2CON                                    (abs)        0001C
_T2CONbits                                (abs)        0001C
_T2HLT                                    (abs)        0001D
_T2HLTbits                                (abs)        0001D
_T2PPS                                    (abs)        00E18
_T2PR                                     (abs)        0001B
_T2RST                                    (abs)        0001F
_T2RSTbits                                (abs)        0001F
_T2TMR                                    (abs)        0001A
_T4CLKCON                                 (abs)        00417
_T4CON                                    (abs)        00415
_T4CONbits                                (abs)        00415
_T4HLT                                    (abs)        00416
_T4HLTbits                                (abs)        00416
_T4PPS                                    (abs)        00E1B
_T4PR                                     (abs)        00414
_T4RST                                    (abs)        00418
_T4RSTbits                                (abs)        00418
_T4TMR                                    (abs)        00413
_TC_data                                  bssBANK1     000C7
_TMR2                                     (abs)        0001A
_TMR2_Initialize                          text35       016E2
_TMR2_Start                               text36       0168D
_TMR4                                     (abs)        00413
_TMR4_CallBack                            text46       016D5
_TMR4_DefaultInterruptHandler             text47       00002
_TMR4_ISR                                 text45       01698
_TMR4_Initialize                          text32       01737
_TMR4_InterruptHandler                    bssBANK1     000D7
_TMR4_SetInterruptHandler                 text34       016A4
_TMR4_Start                               text33       01690
_TRISA                                    (abs)        0008C
_TRISB                                    (abs)        0008D
_TRISC                                    (abs)        0008E
_WPUA                                     (abs)        0020C
_WPUB                                     (abs)        0020D
_WPUC                                     (abs)        0020E
__Habs1                                   abs1         00000
__Hbank0                                  bank0        00000
__Hbank1                                  bank1        00000
__Hbank10                                 bank10       00000
__Hbank11                                 bank11       00000
__Hbank12                                 bank12       00000
__Hbank13                                 bank13       00000
__Hbank14                                 bank14       00000
__Hbank15                                 bank15       00000
__Hbank16                                 bank16       00000
__Hbank17                                 bank17       00000
__Hbank18                                 bank18       00000
__Hbank19                                 bank19       00000
__Hbank2                                  bank2        00000
__Hbank20                                 bank20       00000
__Hbank21                                 bank21       00000
__Hbank22                                 bank22       00000
__Hbank23                                 bank23       00000
__Hbank24                                 bank24       00000
__Hbank25                                 bank25       00000
__Hbank26                                 bank26       00000
__Hbank27                                 bank27       00000
__Hbank28                                 bank28       00000
__Hbank29                                 bank29       00000
__Hbank3                                  bank3        00000
__Hbank30                                 bank30       00000
__Hbank31                                 bank31       00000
__Hbank4                                  bank4        00000
__Hbank5                                  bank5        00000
__Hbank6                                  bank6        00000
__Hbank7                                  bank7        00000
__Hbank8                                  bank8        00000
__Hbank9                                  bank9        00000
__Hbigram                                 bigram       00000
__HbssBANK1                               bssBANK1     00000
__HbssBANK3                               bssBANK3     00000
__HbssBANK5                               bssBANK5     00000
__Hcinit                                  cinit        00067
__Hclrtext                                clrtext      00000
__Hcode                                   code         00000
__Hcommon                                 common       00000
__Hconfig                                 config       0800A
__HcstackBANK0                            cstackBANK0  00000
__HcstackBANK1                            cstackBANK1  00000
__HcstackCOMMON                           cstackCOMMON 00000
__HdataBANK1                              dataBANK1    00000
__HdataBANK2                              dataBANK2    00000
__HdataBANK3                              dataBANK3    00000
__HdataBANK4                              dataBANK4    00000
__Heeprom_data                            eeprom_data  00000
__Hend_init                               end_init     0001B
__Hfunctab                                functab      00000
__HidataBANK1                             idataBANK1   00000
__HidataBANK2                             idataBANK2   00000
__HidataBANK3                             idataBANK3   00000
__HidataBANK4                             idataBANK4   00000
__Hinit                                   init         00019
__Hinittext                               inittext     00000
__Hintentry                               intentry     00019
__Hmaintext                               maintext     00000
__Hpowerup                                powerup      00000
__Hram                                    ram          00000
__Hreset_vec                              reset_vec    00002
__Hsfr0                                   sfr0         00000
__Hsfr1                                   sfr1         00000
__Hsfr10                                  sfr10        00000
__Hsfr11                                  sfr11        00000
__Hsfr12                                  sfr12        00000
__Hsfr13                                  sfr13        00000
__Hsfr14                                  sfr14        00000
__Hsfr15                                  sfr15        00000
__Hsfr16                                  sfr16        00000
__Hsfr17                                  sfr17        00000
__Hsfr18                                  sfr18        00000
__Hsfr19                                  sfr19        00000
__Hsfr2                                   sfr2         00000
__Hsfr20                                  sfr20        00000
__Hsfr21                                  sfr21        00000
__Hsfr22                                  sfr22        00000
__Hsfr23                                  sfr23        00000
__Hsfr24                                  sfr24        00000
__Hsfr25                                  sfr25        00000
__Hsfr26                                  sfr26        00000
__Hsfr27                                  sfr27        00000
__Hsfr28                                  sfr28        00000
__Hsfr29                                  sfr29        00000
__Hsfr3                                   sfr3         00000
__Hsfr30                                  sfr30        00000
__Hsfr31                                  sfr31        00000
__Hsfr4                                   sfr4         00000
__Hsfr5                                   sfr5         00000
__Hsfr6                                   sfr6         00000
__Hsfr7                                   sfr7         00000
__Hsfr8                                   sfr8         00000
__Hsfr9                                   sfr9         00000
__Hspace_0                                (abs)        01836
__Hspace_1                                (abs)        002C0
__Hspace_2                                (abs)        00000
__Hspace_3                                (abs)        00000
__Hspace_4                                (abs)        10011
__Hstack                                  stack        00000
__Hstrings                                strings      00000
__Hstringtext1                            stringtext1  00000
__Hstringtext2                            stringtext2  00000
__Hstringtext3                            stringtext3  00000
__Hstringtext4                            stringtext4  00000
__Htext                                   text         00000
__Labs1                                   abs1         00000
__Lbank0                                  bank0        00000
__Lbank1                                  bank1        00000
__Lbank10                                 bank10       00000
__Lbank11                                 bank11       00000
__Lbank12                                 bank12       00000
__Lbank13                                 bank13       00000
__Lbank14                                 bank14       00000
__Lbank15                                 bank15       00000
__Lbank16                                 bank16       00000
__Lbank17                                 bank17       00000
__Lbank18                                 bank18       00000
__Lbank19                                 bank19       00000
__Lbank2                                  bank2        00000
__Lbank20                                 bank20       00000
__Lbank21                                 bank21       00000
__Lbank22                                 bank22       00000
__Lbank23                                 bank23       00000
__Lbank24                                 bank24       00000
__Lbank25                                 bank25       00000
__Lbank26                                 bank26       00000
__Lbank27                                 bank27       00000
__Lbank28                                 bank28       00000
__Lbank29                                 bank29       00000
__Lbank3                                  bank3        00000
__Lbank30                                 bank30       00000
__Lbank31                                 bank31       00000
__Lbank4                                  bank4        00000
__Lbank5                                  bank5        00000
__Lbank6                                  bank6        00000
__Lbank7                                  bank7        00000
__Lbank8                                  bank8        00000
__Lbank9                                  bank9        00000
__Lbigram                                 bigram       00000
__LbssBANK1                               bssBANK1     00000
__LbssBANK3                               bssBANK3     00000
__LbssBANK5                               bssBANK5     00000
__Lcinit                                  cinit        0001B
__Lclrtext                                clrtext      00000
__Lcode                                   code         00000
__Lcommon                                 common       00000
__Lconfig                                 config       00000
__LcstackBANK0                            cstackBANK0  00000
__LcstackBANK1                            cstackBANK1  00000
__LcstackCOMMON                           cstackCOMMON 00000
__LdataBANK1                              dataBANK1    00000
__LdataBANK2                              dataBANK2    00000
__LdataBANK3                              dataBANK3    00000
__LdataBANK4                              dataBANK4    00000
__Leeprom_data                            eeprom_data  00000
__Lend_init                               end_init     00019
__Lfunctab                                functab      00000
__LidataBANK1                             idataBANK1   00000
__LidataBANK2                             idataBANK2   00000
__LidataBANK3                             idataBANK3   00000
__LidataBANK4                             idataBANK4   00000
__Linit                                   init         00019
__Linittext                               inittext     00000
__Lintentry                               intentry     00004
__Lmaintext                               maintext     00000
__Lpowerup                                powerup      00000
__Lram                                    ram          00000
__Lreset_vec                              reset_vec    00000
__Lsfr0                                   sfr0         00000
__Lsfr1                                   sfr1         00000
__Lsfr10                                  sfr10        00000
__Lsfr11                                  sfr11        00000
__Lsfr12                                  sfr12        00000
__Lsfr13                                  sfr13        00000
__Lsfr14                                  sfr14        00000
__Lsfr15                                  sfr15        00000
__Lsfr16                                  sfr16        00000
__Lsfr17                                  sfr17        00000
__Lsfr18                                  sfr18        00000
__Lsfr19                                  sfr19        00000
__Lsfr2                                   sfr2         00000
__Lsfr20                                  sfr20        00000
__Lsfr21                                  sfr21        00000
__Lsfr22                                  sfr22        00000
__Lsfr23                                  sfr23        00000
__Lsfr24                                  sfr24        00000
__Lsfr25                                  sfr25        00000
__Lsfr26                                  sfr26        00000
__Lsfr27                                  sfr27        00000
__Lsfr28                                  sfr28        00000
__Lsfr29                                  sfr29        00000
__Lsfr3                                   sfr3         00000
__Lsfr30                                  sfr30        00000
__Lsfr31                                  sfr31        00000
__Lsfr4                                   sfr4         00000
__Lsfr5                                   sfr5         00000
__Lsfr6                                   sfr6         00000
__Lsfr7                                   sfr7         00000
__Lsfr8                                   sfr8         00000
__Lsfr9                                   sfr9         00000
__Lspace_0                                (abs)        00000
__Lspace_1                                (abs)        00000
__Lspace_2                                (abs)        00000
__Lspace_3                                (abs)        00000
__Lspace_4                                (abs)        00000
__Lstack                                  stack        00000
__Lstrings                                strings      00000
__Lstringtext1                            stringtext1  00000
__Lstringtext2                            stringtext2  00000
__Lstringtext3                            stringtext3  00000
__Lstringtext4                            stringtext4  00000
__Ltext                                   text         00000
__S0                                      (abs)        01836
__S1                                      (abs)        002C0
__S2                                      (abs)        00000
___aodiv                                  text13       00EFF
___aodiv@counter                          cstackCOMMON 00071
___aodiv@dividend                         cstackBANK0  00028
___aodiv@divisor                          cstackBANK0  00020
___aodiv@quotient                         cstackCOMMON 00073
___aodiv@sign                             cstackCOMMON 00072
___aomod                                  text12       00700
___aomod@counter                          cstackCOMMON 00071
___aomod@dividend                         cstackBANK0  00028
___aomod@divisor                          cstackBANK0  00020
___aomod@sign                             cstackCOMMON 00072
___awdiv                                  text15       00B69
___awdiv@counter                          cstackCOMMON 00075
___awdiv@dividend                         cstackCOMMON 00072
___awdiv@divisor                          cstackCOMMON 00070
___awdiv@quotient                         cstackCOMMON 00077
___awdiv@sign                             cstackCOMMON 00076
___fldiv                                  text24       002A6
___fldiv@a                                cstackBANK0  00020
___fldiv@aexp                             cstackBANK0  00039
___fldiv@b                                cstackBANK0  00024
___fldiv@bexp                             cstackBANK0  00038
___fldiv@grs                              cstackBANK0  00034
___fldiv@new_exp                          cstackBANK0  00032
___fldiv@rem                              cstackBANK0  0002D
___fldiv@sign                             cstackBANK0  00031
___fltol                                  text25       00BC8
___fltol@exp1                             cstackCOMMON 0007A
___fltol@f1                               cstackCOMMON 00070
___fltol@sign1                            cstackCOMMON 00079
___int_sp                                 stack        00000
___latbits                                (abs)        00002
___sp                                     stack        00000
___stackhi                                (abs)        023EF
___stacklo                                (abs)        021B0
___wmul                                   text14       00807
___wmul@multiplicand                      cstackCOMMON 00072
___wmul@multiplier                        cstackCOMMON 00070
___wmul@product                           cstackCOMMON 00074
___xxtofl                                 text23       00D78
___xxtofl@arg                             cstackCOMMON 0007A
___xxtofl@exp                             cstackCOMMON 00079
___xxtofl@sign                            cstackCOMMON 00078
___xxtofl@val                             cstackCOMMON 00070
__end_of_ADC_GetConversion                text43       0179F
__end_of_ADC_Initialize                   text42       016B9
__end_of_INTERRUPT_InterruptManager       intentry     00019
__end_of_OSCILLATOR_Initialize            text41       01698
__end_of_PIN_MANAGER_Initialize           text40       009B4
__end_of_PWM3_Initialize                  text39       016C2
__end_of_PWM3_LoadDutyValue               text20       01737
__end_of_PWM4_Initialize                  text38       016CB
__end_of_PWM4_LoadDutyValue               text19       00800
__end_of_SPI_Initialize                   text37       016A4
__end_of_SYSTEM_Initialize                text26       017BB
__end_of_TMR2_Initialize                  text35       016EF
__end_of_TMR2_Start                       text36       01690
__end_of_TMR4_CallBack                    text46       016E2
__end_of_TMR4_DefaultInterruptHandler     text47       00003
__end_of_TMR4_ISR                         text45       0169E
__end_of_TMR4_Initialize                  text32       01750
__end_of_TMR4_SetInterruptHandler         text34       016AA
__end_of_TMR4_Start                       text33       01693
__end_of___aodiv                          text13       01000
__end_of___aomod                          text12       007EA
__end_of___awdiv                          text15       00BC8
__end_of___fldiv                          text24       0045A
__end_of___fltol                          text25       00C3C
__end_of___wmul                           text14       00826
__end_of___xxtofl                         text23       00E24
__end_of__initialization                  cinit        00063
__end_of_abs                              text11       0176A
__end_of_command                          text30       00AB1
__end_of_convert14BitToFloat              text22       009FD
__end_of_dataCMD                          text29       00B0C
__end_of_dtoa                             text5        005CA
__end_of_fputc                            text9        00928
__end_of_fputs                            text8        01800
__end_of_initDisplay                      text27       00852
__end_of_initOLED                         text28       00CD3
__end_of_main                             maintext     002A6
__end_of_pad                              text6        00A56
__end_of_printByteValue                   text21       00D78
__end_of_printf                           text2        01721
__end_of_putch                            text10       00004
__end_of_setMotorSpeed                    text18       017D7
__end_of_spi_read_32bits                  text16       00B69
__end_of_spi_transfer                     text17       016D5
__end_of_spi_write                        text31       016FD
__end_of_strlen                           text7        01784
__end_of_stuffIntToCharsBuf               text1        00700
__end_of_vfpfcnvrt                        text4        00EFF
__end_of_vfprintf                         text3        00883
__initialization                          cinit        0001B
__pbssBANK1                               bssBANK1     000C3
__pbssBANK3                               bssBANK3     001D3
__pbssBANK5                               bssBANK5     002A0
__pcstackBANK0                            cstackBANK0  00020
__pcstackBANK1                            cstackBANK1  000A0
__pcstackCOMMON                           cstackCOMMON 00070
__pdataBANK1                              dataBANK1    000DB
__pdataBANK2                              dataBANK2    00120
__pdataBANK3                              dataBANK3    001A0
__pdataBANK4                              dataBANK4    00220
__pidataBANK1                             idataBANK1   016FD
__pidataBANK2                             idataBANK2   00928
__pidataBANK3                             idataBANK3   008B6
__pidataBANK4                             idataBANK4   00883
__pintentry                               intentry     00004
__pmaintext                               maintext     00067
__pstringtext1                            stringtext1  01800
__pstringtext2                            stringtext2  01818
__pstringtext3                            stringtext3  0182D
__pstringtext4                            stringtext4  00000
__ptext1                                  text1        005CA
__ptext10                                 text10       00003
__ptext11                                 text11       01750
__ptext12                                 text12       00700
__ptext13                                 text13       00EFF
__ptext14                                 text14       00807
__ptext15                                 text15       00B69
__ptext16                                 text16       00B0C
__ptext17                                 text17       016CB
__ptext18                                 text18       017BB
__ptext19                                 text19       007EA
__ptext2                                  text2        0170E
__ptext20                                 text20       01721
__ptext21                                 text21       00CD3
__ptext22                                 text22       009B4
__ptext23                                 text23       00D78
__ptext24                                 text24       002A6
__ptext25                                 text25       00BC8
__ptext26                                 text26       0179F
__ptext27                                 text27       00826
__ptext28                                 text28       00C3C
__ptext29                                 text29       00AB1
__ptext3                                  text3        00852
__ptext30                                 text30       00A56
__ptext31                                 text31       016EF
__ptext32                                 text32       01737
__ptext33                                 text33       01690
__ptext34                                 text34       016A4
__ptext35                                 text35       016E2
__ptext36                                 text36       0168D
__ptext37                                 text37       0169E
__ptext38                                 text38       016C2
__ptext39                                 text39       016B9
__ptext4                                  text4        00E24
__ptext40                                 text40       0096C
__ptext41                                 text41       01693
__ptext42                                 text42       016B0
__ptext43                                 text43       01784
__ptext45                                 text45       01698
__ptext46                                 text46       016D5
__ptext47                                 text47       00002
__ptext5                                  text5        0045A
__ptext6                                  text6        009FD
__ptext7                                  text7        0176A
__ptext8                                  text8        017D7
__ptext9                                  text9        008E9
__size_of_ADC_GetConversion               (abs)        00000
__size_of_ADC_Initialize                  (abs)        00000
__size_of_INTERRUPT_InterruptManager      (abs)        00000
__size_of_OSCILLATOR_Initialize           (abs)        00000
__size_of_PIN_MANAGER_Initialize          (abs)        00000
__size_of_PWM3_Initialize                 (abs)        00000
__size_of_PWM3_LoadDutyValue              (abs)        00000
__size_of_PWM4_Initialize                 (abs)        00000
__size_of_PWM4_LoadDutyValue              (abs)        00000
__size_of_SPI_Initialize                  (abs)        00000
__size_of_SYSTEM_Initialize               (abs)        00000
__size_of_TMR2_Initialize                 (abs)        00000
__size_of_TMR2_Start                      (abs)        00000
__size_of_TMR4_CallBack                   (abs)        00000
__size_of_TMR4_DefaultInterruptHandler    (abs)        00000
__size_of_TMR4_ISR                        (abs)        00000
__size_of_TMR4_Initialize                 (abs)        00000
__size_of_TMR4_SetInterruptHandler        (abs)        00000
__size_of_TMR4_Start                      (abs)        00000
__size_of___aodiv                         (abs)        00000
__size_of___aomod                         (abs)        00000
__size_of___awdiv                         (abs)        00000
__size_of___fldiv                         (abs)        00000
__size_of___fltol                         (abs)        00000
__size_of___wmul                          (abs)        00000
__size_of___xxtofl                        (abs)        00000
__size_of_abs                             (abs)        00000
__size_of_command                         (abs)        00000
__size_of_convert14BitToFloat             (abs)        00000
__size_of_dataCMD                         (abs)        00000
__size_of_dtoa                            (abs)        00000
__size_of_fputc                           (abs)        00000
__size_of_fputs                           (abs)        00000
__size_of_initDisplay                     (abs)        00000
__size_of_initOLED                        (abs)        00000
__size_of_main                            (abs)        00000
__size_of_pad                             (abs)        00000
__size_of_printByteValue                  (abs)        00000
__size_of_printf                          (abs)        00000
__size_of_putch                           (abs)        00000
__size_of_setMotorSpeed                   (abs)        00000
__size_of_spi_read_32bits                 (abs)        00000
__size_of_spi_transfer                    (abs)        00000
__size_of_spi_write                       (abs)        00000
__size_of_strlen                          (abs)        00000
__size_of_stuffIntToCharsBuf              (abs)        00000
__size_of_vfpfcnvrt                       (abs)        00000
__size_of_vfprintf                        (abs)        00000
_abs                                      text11       01750
_byteVal                                  bssBANK1     000D9
_command                                  text30       00A56
_convert14BitToFloat                      text22       009B4
_dataCMD                                  text29       00AB1
_dbuf                                     bssBANK5     002A0
_dtoa                                     text5        0045A
_dtoa$1483                                cstackBANK0  0003B
_dummy                                    bssBANK1     000DA
_flags                                    bssBANK1     000D5
_fputc                                    text9        008E9
_fputs                                    text8        017D7
_initDisplay                              text27       00826
_initOLED                                 text28       00C3C
_main                                     maintext     00067
_nout                                     bssBANK1     000CF
_pad                                      text6        009FD
_prec                                     bssBANK1     000D3
_printByteValue                           text21       00CD3
_printf                                   text2        0170E
_putch                                    text10       00003
_setMotorSpeed                            text18       017BB
_spi_read_32bits                          text16       00B0C
_spi_transfer                             text17       016CB
_spi_write                                text31       016EF
_strlen                                   text7        0176A
_stuffIntToCharsBuf                       text1        005CA
_temp_float                               bssBANK1     000C3
_text10                                   dataBANK1    000DB
_text11                                   dataBANK3    001A0
_text5                                    dataBANK2    00142
_text6                                    dataBANK2    00131
_text7                                    dataBANK2    00153
_text9                                    dataBANK2    00120
_vfpfcnvrt                                text4        00E24
_vfprintf                                 text3        00852
_width                                    bssBANK1     000D1
abs@a                                     cstackCOMMON 00073
btemp                                     (abs)        0007E
clear_ram0                                clrtext      016AA
command@bit0                              cstackCOMMON 00074
command@i                                 cstackCOMMON 00076
command@s                                 cstackCOMMON 00075
command@sendByte                          cstackCOMMON 00078
convert14BitToFloat@raw14                 cstackBANK0  00044
convert14BitToFloat@raw14bit              cstackBANK0  0003A
convert14BitToFloat@signed_int            cstackBANK0  00042
convert14BitToFloat@temp_Float            cstackBANK0  0003E
dataCMD@bit0                              cstackCOMMON 00074
dataCMD@i                                 cstackCOMMON 00076
dataCMD@s                                 cstackCOMMON 00075
dataCMD@sendByte                          cstackCOMMON 00078
dtoa@d                                    cstackBANK0  00030
dtoa@fp                                   cstackBANK0  0003F
dtoa@i                                    cstackBANK0  0004C
dtoa@n                                    cstackBANK0  00044
dtoa@p                                    cstackBANK0  0003D
dtoa@s                                    cstackBANK0  00042
dtoa@w                                    cstackBANK0  00040
end_of_initialization                     cinit        00063
fputc@c                                   cstackCOMMON 00070
fputc@fp                                  cstackCOMMON 00072
fputs@c                                   cstackBANK0  00020
fputs@fp                                  cstackCOMMON 00078
fputs@i                                   cstackBANK0  00021
fputs@s                                   cstackBANK0  00023
initDisplay@i                             cstackCOMMON 0007C
init_ram                                  inittext     00801
int$flags                                 (abs)        0007E
intlevel0                                 functab      00000
intlevel1                                 functab      00000
intlevel2                                 functab      00000
intlevel3                                 functab      00000
intlevel4                                 functab      00000
intlevel5                                 functab      00000
main@adc_value0                           cstackBANK1  000BD
main@adc_value1                           cstackBANK1  000BF
main@i                                    cstackBANK1  000C1
main@lower16                              cstackBANK1  000BB
main@upper16                              cstackBANK1  000B9
pad@buf                                   cstackBANK0  00024
pad@fp                                    cstackBANK0  0002B
pad@i                                     cstackBANK0  00027
pad@p                                     cstackBANK0  00025
pad@w                                     cstackBANK0  00029
printByteValue@byteVal                    cstackCOMMON 00079
printByteValue@i                          cstackBANK0  00023
printByteValue@lowerBits                  cstackBANK0  00020
printByteValue@pos                        cstackCOMMON 0007A
printByteValue@s                          cstackBANK0  00022
printByteValue@upperBits                  cstackBANK0  00021
printf@ap                                 cstackBANK1  000A2
printf@fmt                                cstackBANK0  00066
reset_vec                                 reset_vec    00000
setMotorSpeed@motorNum                    cstackCOMMON 00076
setMotorSpeed@num                         cstackCOMMON 00074
spi_read_32bits@byte                      cstackBANK0  00020
spi_read_32bits@i                         cstackBANK0  00025
spi_read_32bits@result                    cstackBANK0  00021
spi_transfer@data                         cstackCOMMON 00070
spi_write@spiByte                         cstackCOMMON 00071
start                                     init         00019
start_initialization                      cinit        0001B
strlen@a                                  cstackCOMMON 00073
strlen@s                                  cstackCOMMON 00074
stuffIntToCharsBuf@buf                    cstackBANK1  000A5
stuffIntToCharsBuf@dig1                   cstackBANK1  000AD
stuffIntToCharsBuf@dig2                   cstackBANK1  000AF
stuffIntToCharsBuf@dig3                   cstackBANK1  000B1
stuffIntToCharsBuf@dig4                   cstackBANK1  000AB
stuffIntToCharsBuf@neg                    cstackBANK1  000B3
stuffIntToCharsBuf@num                    cstackBANK1  000A3
stuffIntToCharsBuf@pos                    cstackBANK1  000A6
vfpfcnvrt@ap                              cstackBANK0  0004F
vfpfcnvrt@fmt                             cstackBANK0  0004E
vfpfcnvrt@fp                              cstackBANK0  0005D
vfpfcnvrt@ll                              cstackBANK0  00055
vfprintf@ap                               cstackBANK0  00060
vfprintf@cfmt                             cstackBANK0  00064
vfprintf@fmt                              cstackBANK0  0005E
vfprintf@fp                               cstackBANK0  00063
wtemp0                                    (abs)        0007E


FUNCTION INFORMATION:

 *************** function _main *****************
 Defined at:
		line 113 in file "main.c"
 Parameters:    Size  Location     Type
		None
 Auto vars:     Size  Location     Type
  i               2   33[BANK1 ] int 
  adc_value1      2   31[BANK1 ] unsigned short 
  adc_value0      2   29[BANK1 ] unsigned short 
  lower16         2   27[BANK1 ] unsigned short 
  upper16         2   25[BANK1 ] unsigned short 
 Return value:  Size  Location     Type
                  1    wreg      void 
 Registers used:
		wreg, fsr0l, fsr0h, fsr1l, fsr1h, status,2, status,0, pclath, cstack
 Tracked objects:
		On entry : 
		On exit  : 
		Unchanged: 
 Data sizes:     COMMON   BANK0   BANK1   BANK2   BANK3   BANK4   BANK5   BANK6   BANK7   BANK8   BANK9  BANK10  BANK11  BANK12
      Params:         0       0       0       0       0       0       0       0       0       0       0       0       0       0
      Locals:         0       0      10       0       0       0       0       0       0       0       0       0       0       0
      Temps:          0       0       4       0       0       0       0       0       0       0       0       0       0       0
      Totals:         0       0      14       0       0       0       0       0       0       0       0       0       0       0
Total ram usage:       14 bytes
 Hardware stack levels required when called:   13
 This function calls:
		_ADC_GetConversion
		_SYSTEM_Initialize
		___fltol
		_command
		_convert14BitToFloat
		_dataCMD
		_printByteValue
		_setMotorSpeed
		_spi_read_32bits
		_stuffIntToCharsBuf
 This function is called by:
		Startup code after reset
 This function uses a non-reentrant model


 *************** function _stuffIntToCharsBuf *****************
 Defined at:
		line 375 in file "main.c"
 Parameters:    Size  Location     Type
  num             2    3[BANK1 ] int 
  buf             1    5[BANK1 ] PTR unsigned char 
		 -> text10(17), 
  pos             2    6[BANK1 ] int 
 Auto vars:     Size  Location     Type
  neg             2   19[BANK1 ] int 
  dig3            2   17[BANK1 ] int 
  dig2            2   15[BANK1 ] int 
  dig1            2   13[BANK1 ] int 
  dig4            2   11[BANK1 ] int 
 Return value:  Size  Location     Type
                  1    wreg      void 
 Registers used:
		wreg, fsr0l, fsr0h, fsr1l, fsr1h, status,2, status,0, pclath, cstack
 Tracked objects:
		On entry : 
		On exit  : 
		Unchanged: 
 Data sizes:     COMMON   BANK0   BANK1   BANK2   BANK3   BANK4   BANK5   BANK6   BANK7   BANK8   BANK9  BANK10  BANK11  BANK12
      Params:         0       0       5       0       0       0       0       0       0       0       0       0       0       0
      Locals:         0       0      10       0       0       0       0       0       0       0       0       0       0       0
      Temps:          0       0       3       0       0       0       0       0       0       0       0       0       0       0
      Totals:         0       0      18       0       0       0       0       0       0       0       0       0       0       0
Total ram usage:       18 bytes
 Hardware stack levels used:    1
 Hardware stack levels required when called:   12
 This function calls:
		___awdiv
		___wmul
		_printf
 This function is called by:
		_main
 This function uses a non-reentrant model


 *************** function _printf *****************
 Defined at:
		line 5 in file "C:\Program Files\Microchip\xc8\v2.30\pic\sources\c99\common\printf.c"
 Parameters:    Size  Location     Type
  fmt             2   70[BANK0 ] PTR const unsigned char 
		 -> STR_3(24), STR_2(21), STR_1(9), 
 Auto vars:     Size  Location     Type
  ret             2    0        int 
  ap              1    2[BANK1 ] PTR void [1]
		 -> ?_printf(2), 
 Return value:  Size  Location     Type
                  2   70[BANK0 ] int 
 Registers used:
		wreg, fsr0l, fsr0h, fsr1l, fsr1h, status,2, status,0, pclath, cstack
 Tracked objects:
		On entry : 
		On exit  : 
		Unchanged: 
 Data sizes:     COMMON   BANK0   BANK1   BANK2   BANK3   BANK4   BANK5   BANK6   BANK7   BANK8   BANK9  BANK10  BANK11  BANK12
      Params:         0      10       0       0       0       0       0       0       0       0       0       0       0       0
      Locals:         0       0       3       0       0       0       0       0       0       0       0       0       0       0
      Temps:          1       0       0       0       0       0       0       0       0       0       0       0       0       0
      Totals:         1      10       3       0       0       0       0       0       0       0       0       0       0       0
Total ram usage:       14 bytes
 Hardware stack levels used:    1
 Hardware stack levels required when called:   11
 This function calls:
		_vfprintf
 This function is called by:
		_stuffIntToCharsBuf
 This function uses a non-reentrant model


 *************** function _vfprintf *****************
 Defined at:
		line 1390 in file "C:\Program Files\Microchip\xc8\v2.30\pic\sources\c99\common\doprnt.c"
 Parameters:    Size  Location     Type
  fp              1    wreg     PTR struct _IO_FILE
		 -> NULL(0), 
  fmt             2   62[BANK0 ] PTR const unsigned char 
		 -> STR_3(24), STR_2(21), STR_1(9), 
  ap              1   64[BANK0 ] PTR PTR void 
		 -> printf@ap(1), 
 Auto vars:     Size  Location     Type
  fp              1   67[BANK0 ] PTR struct _IO_FILE
		 -> NULL(0), 
  cfmt            2   68[BANK0 ] PTR unsigned char 
		 -> STR_3(24), STR_2(21), STR_1(9), 
 Return value:  Size  Location     Type
                  2   62[BANK0 ] int 
 Registers used:
		wreg, fsr0l, fsr0h, fsr1l, fsr1h, status,2, status,0, pclath, cstack
 Tracked objects:
		On entry : 
		On exit  : 
		Unchanged: 
 Data sizes:     COMMON   BANK0   BANK1   BANK2   BANK3   BANK4   BANK5   BANK6   BANK7   BANK8   BANK9  BANK10  BANK11  BANK12
      Params:         0       3       0       0       0       0       0       0       0       0       0       0       0       0
      Locals:         0       3       0       0       0       0       0       0       0       0       0       0       0       0
      Temps:          0       2       0       0       0       0       0       0       0       0       0       0       0       0
      Totals:         0       8       0       0       0       0       0       0       0       0       0       0       0       0
Total ram usage:        8 bytes
 Hardware stack levels used:    1
 Hardware stack levels required when called:   10
 This function calls:
		_vfpfcnvrt
 This function is called by:
		_printf
 This function uses a non-reentrant model


 *************** function _vfpfcnvrt *****************
 Defined at:
		line 692 in file "C:\Program Files\Microchip\xc8\v2.30\pic\sources\c99\common\doprnt.c"
 Parameters:    Size  Location     Type
  fp              1    wreg     PTR struct _IO_FILE
		 -> NULL(0), 
  fmt             1   46[BANK0 ] PTR PTR unsigned char 
		 -> vfprintf@cfmt(2), 
  ap              1   47[BANK0 ] PTR PTR void 
		 -> printf@ap(1), 
 Auto vars:     Size  Location     Type
  fp              1   61[BANK0 ] PTR struct _IO_FILE
		 -> NULL(0), 
  ll              8   53[BANK0 ] long long 
  llu             8    0        unsigned long long 
  f               4    0        unsigned long long 
  ct              3    0        unsigned char [3]
  vp              2    0        PTR void 
  i               2    0        int 
  done            2    0        int 
  cp              2    0        PTR unsigned char 
  c               1    0        unsigned char 
 Return value:  Size  Location     Type
                  2   46[BANK0 ] int 
 Registers used:
		wreg, fsr0l, fsr0h, fsr1l, fsr1h, status,2, status,0, pclath, cstack
 Tracked objects:
		On entry : 
		On exit  : 
		Unchanged: 
 Data sizes:     COMMON   BANK0   BANK1   BANK2   BANK3   BANK4   BANK5   BANK6   BANK7   BANK8   BANK9  BANK10  BANK11  BANK12
      Params:         0       2       0       0       0       0       0       0       0       0       0       0       0       0
      Locals:         0       9       0       0       0       0       0       0       0       0       0       0       0       0
      Temps:          0       5       0       0       0       0       0       0       0       0       0       0       0       0
      Totals:         0      16       0       0       0       0       0       0       0       0       0       0       0       0
Total ram usage:       16 bytes
 Hardware stack levels used:    1
 Hardware stack levels required when called:    9
 This function calls:
		_dtoa
		_fputc
 This function is called by:
		_vfprintf
 This function uses a non-reentrant model


 *************** function _dtoa *****************
 Defined at:
		line 287 in file "C:\Program Files\Microchip\xc8\v2.30\pic\sources\c99\common\doprnt.c"
 Parameters:    Size  Location     Type
  fp              1    wreg     PTR struct _IO_FILE
		 -> NULL(0), 
  d               8   16[BANK0 ] long long 
 Auto vars:     Size  Location     Type
  fp              1   31[BANK0 ] PTR struct _IO_FILE
		 -> NULL(0), 
  n               8   36[BANK0 ] long long 
  i               2   44[BANK0 ] int 
  s               2   34[BANK0 ] int 
  w               2   32[BANK0 ] int 
  p               2   29[BANK0 ] int 
 Return value:  Size  Location     Type
                  2   16[BANK0 ] int 
 Registers used:
		wreg, fsr1l, fsr1h, status,2, status,0, pclath, cstack
 Tracked objects:
		On entry : 
		On exit  : 
		Unchanged: 
 Data sizes:     COMMON   BANK0   BANK1   BANK2   BANK3   BANK4   BANK5   BANK6   BANK7   BANK8   BANK9  BANK10  BANK11  BANK12
      Params:         0       8       0       0       0       0       0       0       0       0       0       0       0       0
      Locals:         0      19       0       0       0       0       0       0       0       0       0       0       0       0
      Temps:          0       3       0       0       0       0       0       0       0       0       0       0       0       0
      Totals:         0      30       0       0       0       0       0       0       0       0       0       0       0       0
Total ram usage:       30 bytes
 Hardware stack levels used:    1
 Hardware stack levels required when called:    8
 This function calls:
		___aodiv
		___aomod
		_abs
		_pad
 This function is called by:
		_vfpfcnvrt
 This function uses a non-reentrant model


 *************** function _pad *****************
 Defined at:
		line 72 in file "C:\Program Files\Microchip\xc8\v2.30\pic\sources\c99\common\doprnt.c"
 Parameters:    Size  Location     Type
  fp              1    wreg     PTR struct _IO_FILE
		 -> NULL(0), 
  buf             1    4[BANK0 ] PTR unsigned char 
		 -> dbuf(32), 
  p               2    5[BANK0 ] int 
 Auto vars:     Size  Location     Type
  fp              1   11[BANK0 ] PTR struct _IO_FILE
		 -> NULL(0), 
  w               2    9[BANK0 ] int 
  i               2    7[BANK0 ] int 
 Return value:  Size  Location     Type
                  2    4[BANK0 ] int 
[...]
 Hardware stack levels used:    1
 Hardware stack levels required when called:    4
 This function calls:
		Nothing
 This function is called by:
		_TMR2_Initialize
		_TMR2_StartTimer
 This function uses a non-reentrant model


 *************** function _SPI_Initialize *****************
 Defined at:
		line 63 in file "mcc_generated_files/spi.c"
 Parameters:    Size  Location     Type
		None
 Auto vars:     Size  Location     Type
		None
 Return value:  Size  Location     Type
                  1    wreg      void 
 Registers used:
		wreg, status,2
 Tracked objects:
		On entry : 
		On exit  : 
		Unchanged: 
 Data sizes:     COMMON   BANK0   BANK1   BANK2   BANK3   BANK4   BANK5   BANK6   BANK7   BANK8   BANK9  BANK10  BANK11  BANK12
      Params:         0       0       0       0       0       0       0       0       0       0       0       0       0       0
      Locals:         0       0       0       0       0       0       0       0       0       0       0       0       0       0
      Temps:          0       0       0       0       0       0       0       0       0       0       0       0       0       0
      Totals:         0       0       0       0       0       0       0       0       0       0       0       0       0       0
Total ram usage:        0 bytes
 Hardware stack levels used:    1
 Hardware stack levels required when called:    4
 This function calls:
		Nothing
 This function is called by:
		_SYSTEM_Initialize
 This function uses a non-reentrant model


 *************** function _PWM4_Initialize *****************
 Defined at:
		line 57 in file "mcc_generated_files/pwm4.c"
 Parameters:    Size  Location     Type
		None
 Auto vars:     Size  Location     Type
		None
 Return value:  Size  Location     Type
                  1    wreg      void 
 Registers used:
		wreg, status,2, status,0
 Tracked objects:
		On entry : 
		On exit  : 
		Unchanged: 
 Data sizes:     COMMON   BANK0   BANK1   BANK2   BANK3   BANK4   BANK5   BANK6   BANK7   BANK8   BANK9  BANK10  BANK11  BANK12
      Params:         0       0       0       0       0       0       0       0       0       0       0       0       0       0
      Locals:         0       0       0       0       0       0       0       0       0       0       0       0       0       0
      Temps:          0       0       0       0       0       0       0       0       0       0       0       0       0       0
      Totals:         0       0       0       0       0       0       0       0       0       0       0       0       0       0
Total ram usage:        0 bytes
 Hardware stack levels used:    1
 Hardware stack levels required when called:    4
 This function calls:
		Nothing
 This function is called by:
		_SYSTEM_Initialize
 This function uses a non-reentrant model


 *************** function _PWM3_Initialize *****************
 Defined at:
		line 57 in file "mcc_generated_files/pwm3.c"
 Parameters:    Size  Location     Type
		None
 Auto vars:     Size  Location     Type
		None
 Return value:  Size  Location     Type
                  1    wreg      void 
 Registers used:
		wreg, status,2, status,0
 Tracked objects:
		On entry : 
		On exit  : 
		Unchanged: 
 Data sizes:     COMMON   BANK0   BANK1   BANK2   BANK3   BANK4   BANK5   BANK6   BANK7   BANK8   BANK9  BANK10  BANK11  BANK12
      Params:         0       0       0       0       0       0       0       0       0       0       0       0       0       0
      Locals:         0       0       0       0       0       0       0       0       0       0       0       0       0       0
      Temps:          0       0       0       0       0       0       0       0       0       0       0       0       0       0
      Totals:         0       0       0       0       0       0       0       0       0       0       0       0       0       0
Total ram usage:        0 bytes
 Hardware stack levels used:    1
 Hardware stack levels required when called:    4
 This function calls:
		Nothing
 This function is called by:
		_SYSTEM_Initialize
 This function uses a non-reentrant model


 *************** function _PIN_MANAGER_Initialize *****************
 Defined at:
		line 52 in file "mcc_generated_files/pin_manager.c"
 Parameters:    Size  Location     Type
		None
 Auto vars:     Size  Location     Type
  state           1    0[COMMON] _Bool 
 Return value:  Size  Location     Type
                  1    wreg      void 
 Registers used:
		wreg, status,2, status,0
 Tracked objects:
		On entry : 
		On exit  : 
		Unchanged: 
 Data sizes:     COMMON   BANK0   BANK1   BANK2   BANK3   BANK4   BANK5   BANK6   BANK7   BANK8   BANK9  BANK10  BANK11  BANK12
      Params:         0       0       0       0       0       0       0       0       0       0       0       0       0       0
      Locals:         1       0       0       0       0       0       0       0       0       0       0       0       0       0
      Temps:          0       0       0       0       0       0       0       0       0       0       0       0       0       0
      Totals:         1       0       0       0       0       0       0       0       0       0       0       0       0       0
Total ram usage:        1 bytes
 Hardware stack levels used:    1
 Hardware stack levels required when called:    4
 This function calls:
		Nothing
 This function is called by:
		_SYSTEM_Initialize
 This function uses a non-reentrant model


 *************** function _OSCILLATOR_Initialize *****************
 Defined at:
		line 90 in file "mcc_generated_files/mcc.c"
 Parameters:    Size  Location     Type
		None
 Auto vars:     Size  Location     Type
		None
 Return value:  Size  Location     Type
                  1    wreg      void 
 Registers used:
		wreg, status,2
 Tracked objects:
		On entry : 
		On exit  : 
		Unchanged: 
 Data sizes:     COMMON   BANK0   BANK1   BANK2   BANK3   BANK4   BANK5   BANK6   BANK7   BANK8   BANK9  BANK10  BANK11  BANK12
      Params:         0       0       0       0       0       0       0       0       0       0       0       0       0       0
      Locals:         0       0       0       0       0       0       0       0       0       0       0       0       0       0
      Temps:          0       0       0       0       0       0       0       0       0       0       0       0       0       0
      Totals:         0       0       0       0       0       0       0       0       0       0       0       0       0       0
Total ram usage:        0 bytes
 Hardware stack levels used:    1
 Hardware stack levels required when called:    4
 This function calls:
		Nothing
 This function is called by:
		_SYSTEM_Initialize
 This function uses a non-reentrant model


 *************** function _ADC_Initialize *****************
 Defined at:
		line 64 in file "mcc_generated_files/adc.c"
 Parameters:    Size  Location     Type
		None
 Auto vars:     Size  Location     Type
		None
 Return value:  Size  Location     Type
                  1    wreg      void 
 Registers used:
		wreg, status,2
 Tracked objects:
		On entry : 
		On exit  : 
		Unchanged: 
 Data sizes:     COMMON   BANK0   BANK1   BANK2   BANK3   BANK4   BANK5   BANK6   BANK7   BANK8   BANK9  BANK10  BANK11  BANK12
      Params:         0       0       0       0       0       0       0       0       0       0       0       0       0       0
      Locals:         0       0       0       0       0       0       0       0       0       0       0       0       0       0
      Temps:          0       0       0       0       0       0       0       0       0       0       0       0       0       0
      Totals:         0       0       0       0       0       0       0       0       0       0       0       0       0       0
Total ram usage:        0 bytes
 Hardware stack levels used:    1
 Hardware stack levels required when called:    4
 This function calls:
		Nothing
 This function is called by:
		_SYSTEM_Initialize
 This function uses a non-reentrant model


 *************** function _ADC_GetConversion *****************
 Defined at:
		line 112 in file "mcc_generated_files/adc.c"
 Parameters:    Size  Location     Type
  channel         1    wreg     enum E9639
 Auto vars:     Size  Location     Type
  channel         1    3[COMMON] enum E9639
 Return value:  Size  Location     Type
                  2    0[COMMON] unsigned short 
 Registers used:
		wreg, status,2, status,0
 Tracked objects:
		On entry : 
		On exit  : 
		Unchanged: 
 Data sizes:     COMMON   BANK0   BANK1   BANK2   BANK3   BANK4   BANK5   BANK6   BANK7   BANK8   BANK9  BANK10  BANK11  BANK12
      Params:         2       0       0       0       0       0       0       0       0       0       0       0       0       0
      Locals:         1       0       0       0       0       0       0       0       0       0       0       0       0       0
      Temps:          1       0       0       0       0       0       0       0       0       0       0       0       0       0
      Totals:         4       0       0       0       0       0       0       0       0       0       0       0       0       0
Total ram usage:        4 bytes
 Hardware stack levels used:    1
 Hardware stack levels required when called:    4
 This function calls:
		Nothing
 This function is called by:
		_main
		_printADCValues
 This function uses a non-reentrant model


 *************** function _INTERRUPT_InterruptManager *****************
 Defined at:
		line 51 in file "mcc_generated_files/interrupt_manager.c"
 Parameters:    Size  Location     Type
		None
 Auto vars:     Size  Location     Type
		None
 Return value:  Size  Location     Type
                  1    wreg      void 
 Registers used:
		wreg, status,2, status,0, pclath, cstack
 Tracked objects:
		On entry : 
		On exit  : 
		Unchanged: 
 Data sizes:     COMMON   BANK0   BANK1   BANK2   BANK3   BANK4   BANK5   BANK6   BANK7   BANK8   BANK9  BANK10  BANK11  BANK12
      Params:         0       0       0       0       0       0       0       0       0       0       0       0       0       0
      Locals:         0       0       0       0       0       0       0       0       0       0       0       0       0       0
      Temps:          0       0       0       0       0       0       0       0       0       0       0       0       0       0
      Totals:         0       0       0       0       0       0       0       0       0       0       0       0       0       0
Total ram usage:        0 bytes
 Hardware stack levels used:    1
 Hardware stack levels required when called:    3
 This function calls:
		_TMR4_ISR
 This function is called by:
		Interrupt level 1
 This function uses a non-reentrant model


 *************** function _TMR4_ISR *****************
 Defined at:
		line 167 in file "mcc_generated_files/tmr4.c"
 Parameters:    Size  Location     Type
		None
 Auto vars:     Size  Location     Type
		None
 Return value:  Size  Location     Type
                  1    wreg      void 
 Registers used:
		wreg, status,2, status,0, pclath, cstack
 Tracked objects:
		On entry : 
		On exit  : 
		Unchanged: 
 Data sizes:     COMMON   BANK0   BANK1   BANK2   BANK3   BANK4   BANK5   BANK6   BANK7   BANK8   BANK9  BANK10  BANK11  BANK12
      Params:         0       0       0       0       0       0       0       0       0       0       0       0       0       0
      Locals:         0       0       0       0       0       0       0       0       0       0       0       0       0       0
      Temps:          0       0       0       0       0       0       0       0       0       0       0       0       0       0
      Totals:         0       0       0       0       0       0       0       0       0       0       0       0       0       0
Total ram usage:        0 bytes
 Hardware stack levels used:    1
 Hardware stack levels required when called:    2
 This function calls:
		_TMR4_CallBack
 This function is called by:
		_INTERRUPT_InterruptManager
 This function uses a non-reentrant model


 *************** function _TMR4_CallBack *****************
 Defined at:
		line 178 in file "mcc_generated_files/tmr4.c"
 Parameters:    Size  Location     Type
		None
 Auto vars:     Size  Location     Type
		None
 Return value:  Size  Location     Type
                  1    wreg      void 
 Registers used:
		wreg, status,2, status,0, pclath, cstack
 Tracked objects:
		On entry : 
		On exit  : 
		Unchanged: 
 Data sizes:     COMMON   BANK0   BANK1   BANK2   BANK3   BANK4   BANK5   BANK6   BANK7   BANK8   BANK9  BANK10  BANK11  BANK12
      Params:         0       0       0       0       0       0       0       0       0       0       0       0       0       0
      Locals:         0       0       0       0       0       0       0       0       0       0       0       0       0       0
      Temps:          0       0       0       0       0       0       0       0       0       0       0       0       0       0
      Totals:         0       0       0       0       0       0       0       0       0       0       0       0       0       0
Total ram usage:        0 bytes
 Hardware stack levels used:    1
 Hardware stack levels required when called:    1
 This function calls:
		Absolute function
		_TMR4_DefaultInterruptHandler
 This function is called by:
		_TMR4_ISR
 This function uses a non-reentrant model


 *************** function _TMR4_DefaultInterruptHandler *****************
 Defined at:
		line 192 in file "mcc_generated_files/tmr4.c"
 Parameters:    Size  Location     Type
		None
 Auto vars:     Size  Location     Type
		None
 Return value:  Size  Location     Type
                  1    wreg      void 
 Registers used:
		None
 Tracked objects:
		On entry : 
		On exit  : 
		Unchanged: 
 Data sizes:     COMMON   BANK0   BANK1   BANK2   BANK3   BANK4   BANK5   BANK6   BANK7   BANK8   BANK9  BANK10  BANK11  BANK12
      Params:         0       0       0       0       0       0       0       0       0       0       0       0       0       0
      Locals:         0       0       0       0       0       0       0       0       0       0       0       0       0       0
      Temps:          0       0       0       0       0       0       0       0       0       0       0       0       0       0
      Totals:         0       0       0       0       0       0       0       0       0       0       0       0       0       0
Total ram usage:        0 bytes
 Hardware stack levels used:    1
 This function calls:
		Nothing
 This function is called by:
		_TMR4_Initialize
		_TMR4_CallBack
 This function uses a non-reentrant model



MODULE INFORMATION

Module		Function		Class		Link	Load	Size
C:\Program Files\Microchip\xc8\v2.30\pic\sources\c99\common\aomod.c
		___aomod       		CODE           	0700	0000	234

C:\Program Files\Microchip\xc8\v2.30\pic\sources\c99\common\aomod.c estimated size: 234

C:\Program Files\Microchip\xc8\v2.30\pic\sources\c99\common\sprcdiv.c
		___fldiv       		CODE           	02A6	0000	436

C:\Program Files\Microchip\xc8\v2.30\pic\sources\c99\common\sprcdiv.c estimated size: 436

C:\Program Files\Microchip\xc8\v2.30\pic\sources\c99\common\abs.c
		_abs           		CODE           	1750	0000	26

C:\Program Files\Microchip\xc8\v2.30\pic\sources\c99\common\abs.c estimated size: 26

C:\Program Files\Microchip\xc8\v2.30\pic\sources\c99\common\doprnt.c
		_vfpfcnvrt     		CODE           	0E24	0000	219
		_pad           		CODE           	09FD	0000	89
		_dtoa          		CODE           	045A	0000	368
		_vfprintf      		CODE           	0852	0000	49

C:\Program Files\Microchip\xc8\v2.30\pic\sources\c99\common\doprnt.c estimated size: 725

C:\Program Files\Microchip\xc8\v2.30\pic\sources\c99\common\putch.c
		_putch         		CODE           	0003	0000	1

C:\Program Files\Microchip\xc8\v2.30\pic\sources\c99\common\putch.c estimated size: 1

mcc_generated_files/tmr4.c
		_TMR4_ISR      		CODE           	1698	0000	6
		_TMR4_Initialize		CODE           	1737	0000	25
		_TMR4_Start    		CODE           	1690	0000	3
		_TMR4_SetInterruptHandler		CODE           	16A4	0000	6
		_TMR4_DefaultInterruptHandler		CODE           	0002	0000	1
		_TMR4_CallBack 		CODE           	16D5	0000	13

mcc_generated_files/tmr4.c estimated size: 54

mcc_generated_files/pwm4.c
		_PWM4_Initialize		CODE           	16C2	0000	9
		_PWM4_LoadDutyValue		CODE           	07EA	0000	22

mcc_generated_files/pwm4.c estimated size: 31

C:\Program Files\Microchip\xc8\v2.30\pic\sources\c99\common\nf_fputs.c
		_fputs         		CODE           	17D7	0000	41

C:\Program Files\Microchip\xc8\v2.30\pic\sources\c99\common\nf_fputs.c estimated size: 41

mcc_generated_files/tmr2.c
		_TMR2_Initialize		CODE           	16E2	0000	13
		_TMR2_Start    		CODE           	168D	0000	3

mcc_generated_files/tmr2.c estimated size: 16

mcc_generated_files/interrupt_manager.c
		_INTERRUPT_InterruptManager		CODE           	0004	0000	21

mcc_generated_files/interrupt_manager.c estimated size: 21

C:\Program Files\Microchip\xc8\v2.30\pic\sources\c99\common\Umul16.c
		___wmul        		CODE           	0807	0000	31

C:\Program Files\Microchip\xc8\v2.30\pic\sources\c99\common\Umul16.c estimated size: 31

mcc_generated_files/pin_manager.c
		_PIN_MANAGER_Initialize		CODE           	096C	0000	72

mcc_generated_files/pin_manager.c estimated size: 72

C:\Program Files\Microchip\xc8\v2.30\pic\sources\c99\common\aodiv.c
		___aodiv       		CODE           	0EFF	0000	257

C:\Program Files\Microchip\xc8\v2.30\pic\sources\c99\common\aodiv.c estimated size: 257

mcc_generated_files/adc.c
		_ADC_Initialize		CODE           	16B0	0000	9
		_ADC_GetConversion		CODE           	1784	0000	27

mcc_generated_files/adc.c estimated size: 36

C:\Program Files\Microchip\xc8\v2.30\pic\sources\c99\common\awdiv.c
		___awdiv       		CODE           	0B69	0000	95

C:\Program Files\Microchip\xc8\v2.30\pic\sources\c99\common\awdiv.c estimated size: 95

C:\Program Files\Microchip\xc8\v2.30\pic\sources\c99\common\fltol.c
		___fltol       		CODE           	0BC8	0000	116

C:\Program Files\Microchip\xc8\v2.30\pic\sources\c99\common\fltol.c estimated size: 116

mcc_generated_files/spi.c
		_SPI_Initialize		CODE           	169E	0000	6

mcc_generated_files/spi.c estimated size: 6

C:\Program Files\Microchip\xc8\v2.30\pic\sources\c99\common\xxtofl.c
		___xxtofl      		CODE           	0D78	0000	172

C:\Program Files\Microchip\xc8\v2.30\pic\sources\c99\common\xxtofl.c estimated size: 172

C:\Program Files\Microchip\xc8\v2.30\pic\sources\c99\common\printf.c
		_printf        		CODE           	170E	0000	19

C:\Program Files\Microchip\xc8\v2.30\pic\sources\c99\common\printf.c estimated size: 19

shared
		__initialization		CODE           	001B	0000	72

shared estimated size: 72

C:\Program Files\Microchip\xc8\v2.30\pic\sources\c99\common\nf_fputc.c
		_fputc         		CODE           	08E9	0000	63

C:\Program Files\Microchip\xc8\v2.30\pic\sources\c99\common\nf_fputc.c estimated size: 63

mcc_generated_files/mcc.c
		_OSCILLATOR_Initialize		CODE           	1693	0000	5
		_SYSTEM_Initialize		CODE           	179F	0000	28

mcc_generated_files/mcc.c estimated size: 33

C:\Program Files\Microchip\xc8\v2.30\pic\sources\c99\common\strlen.c
		_strlen        		CODE           	176A	0000	26

C:\Program Files\Microchip\xc8\v2.30\pic\sources\c99\common\strlen.c estimated size: 26

mcc_generated_files/pwm3.c
		_PWM3_Initialize		CODE           	16B9	0000	9
		_PWM3_LoadDutyValue		CODE           	1721	0000	22

mcc_generated_files/pwm3.c estimated size: 31

main.c
		_initDisplay   		CODE           	0826	0000	44
		_spi_read_32bits		CODE           	0B0C	0000	93
		_convert14BitToFloat		CODE           	09B4	0000	73
		_initOLED      		CODE           	0C3C	0000	151
		_main          		CODE           	0067	0000	575
		_spi_write     		CODE           	16EF	0000	14
		_stuffIntToCharsBuf		CODE           	05CA	0000	310
		_dataCMD       		CODE           	0AB1	0000	91
		_spi_transfer  		CODE           	16CB	0000	10
		_setMotorSpeed 		CODE           	17BB	0000	28
		_printByteValue		CODE           	0CD3	0000	165
		_command       		CODE           	0A56	0000	91

main.c estimated size: 1645

